Archive member included to satisfy reference by file (symbol)

app/libapp.a(main.c.obj)      (--whole-archive)
zephyr/libzephyr.a(heap.c.obj)
                              (--whole-archive)
zephyr/libzephyr.a(cbprintf_packaged.c.obj)
                              (--whole-archive)
zephyr/libzephyr.a(printk.c.obj)
                              (--whole-archive)
zephyr/libzephyr.a(sem.c.obj)
                              (--whole-archive)
zephyr/libzephyr.a(thread_entry.c.obj)
                              (--whole-archive)
zephyr/libzephyr.a(cbprintf_complete.c.obj)
                              (--whole-archive)
zephyr/libzephyr.a(assert.c.obj)
                              (--whole-archive)
zephyr/libzephyr.a(dec.c.obj)
                              (--whole-archive)
zephyr/libzephyr.a(hex.c.obj)
                              (--whole-archive)
zephyr/libzephyr.a(rb.c.obj)  (--whole-archive)
zephyr/libzephyr.a(timeutil.c.obj)
                              (--whole-archive)
zephyr/libzephyr.a(bitarray.c.obj)
                              (--whole-archive)
zephyr/libzephyr.a(ring_buffer.c.obj)
                              (--whole-archive)
zephyr/libzephyr.a(last_section_id.c.obj)
                              (--whole-archive)
zephyr/libzephyr.a(configs.c.obj)
                              (--whole-archive)
zephyr/libzephyr.a(stm32cube_hal.c.obj)
                              (--whole-archive)
zephyr/libzephyr.a(soc_config.c.obj)
                              (--whole-archive)
zephyr/libzephyr.a(soc.c.obj)
                              (--whole-archive)
zephyr/libzephyr.a(mem_attr.c.obj)
                              (--whole-archive)
zephyr/libzephyr.a(tracing_none.c.obj)
                              (--whole-archive)
zephyr/arch/common/libarch__common.a(sw_isr_common.c.obj)
                              (--whole-archive)
zephyr/arch/arch/arm/core/libarch__arm__core.a(fatal.c.obj)
                              (--whole-archive)
zephyr/arch/arch/arm/core/libarch__arm__core.a(nmi.c.obj)
                              (--whole-archive)
zephyr/arch/arch/arm/core/libarch__arm__core.a(nmi_on_reset.S.obj)
                              (--whole-archive)
zephyr/arch/arch/arm/core/libarch__arm__core.a(tls.c.obj)
                              (--whole-archive)
zephyr/arch/arch/arm/core/cortex_m/libarch__arm__core__cortex_m.a(exc_exit.c.obj)
                              (--whole-archive)
zephyr/arch/arch/arm/core/cortex_m/libarch__arm__core__cortex_m.a(fault.c.obj)
                              (--whole-archive)
zephyr/arch/arch/arm/core/cortex_m/libarch__arm__core__cortex_m.a(fault_s.S.obj)
                              (--whole-archive)
zephyr/arch/arch/arm/core/cortex_m/libarch__arm__core__cortex_m.a(fpu.c.obj)
                              (--whole-archive)
zephyr/arch/arch/arm/core/cortex_m/libarch__arm__core__cortex_m.a(reset.S.obj)
                              (--whole-archive)
zephyr/arch/arch/arm/core/cortex_m/libarch__arm__core__cortex_m.a(scb.c.obj)
                              (--whole-archive)
zephyr/arch/arch/arm/core/cortex_m/libarch__arm__core__cortex_m.a(thread_abort.c.obj)
                              (--whole-archive)
zephyr/arch/arch/arm/core/cortex_m/libarch__arm__core__cortex_m.a(vector_table.S.obj)
                              (--whole-archive)
zephyr/arch/arch/arm/core/cortex_m/libarch__arm__core__cortex_m.a(swap_helper.S.obj)
                              (--whole-archive)
zephyr/arch/arch/arm/core/cortex_m/libarch__arm__core__cortex_m.a(irq_manage.c.obj)
                              (--whole-archive)
zephyr/arch/arch/arm/core/cortex_m/libarch__arm__core__cortex_m.a(prep_c.c.obj)
                              (--whole-archive)
zephyr/arch/arch/arm/core/cortex_m/libarch__arm__core__cortex_m.a(thread.c.obj)
                              (--whole-archive)
zephyr/arch/arch/arm/core/cortex_m/libarch__arm__core__cortex_m.a(cpu_idle.c.obj)
                              (--whole-archive)
zephyr/arch/arch/arm/core/cortex_m/libarch__arm__core__cortex_m.a(irq_init.c.obj)
                              (--whole-archive)
zephyr/arch/arch/arm/core/cortex_m/libarch__arm__core__cortex_m.a(isr_wrapper.c.obj)
                              (--whole-archive)
zephyr/arch/arch/arm/core/cortex_m/libarch__arm__core__cortex_m.a(__aeabi_read_tp.S.obj)
                              (--whole-archive)
zephyr/arch/arch/arm/core/mpu/libarch__arm__core__mpu.a(arm_core_mpu.c.obj)
                              (--whole-archive)
zephyr/arch/arch/arm/core/mpu/libarch__arm__core__mpu.a(arm_mpu.c.obj)
                              (--whole-archive)
zephyr/arch/arch/arm/core/mpu/libarch__arm__core__mpu.a(arm_mpu_regions.c.obj)
                              (--whole-archive)
zephyr/lib/libc/picolibc/liblib__libc__picolibc.a(assert.c.obj)
                              (--whole-archive)
zephyr/lib/libc/picolibc/liblib__libc__picolibc.a(cbprintf.c.obj)
                              (--whole-archive)
[...]
Memory Configuration

Name             Origin             Length             Attributes
FLASH            0x0000000008000000 0x0000000000100000 xr
RAM              0x0000000020010000 0x0000000000040000 xw
QSPI_PLACEHOLDER 0x0000000090000000 0x0000000010000000 rw
SRAM0            0x0000000020010000 0x0000000000040000 rw
DTCM             0x0000000020000000 0x0000000000010000 rw
SDRAM1           0x00000000c0000000 0x0000000001000000 rw
EXTMEM           0x0000000090000000 0x0000000001000000 rw
IDT_LIST         0x00000000ffff7fff 0x0000000000008000 xw
*default*        0x0000000000000000 0xffffffffffffffff

Linker script and memory map

LOAD zephyr/CMakeFiles/zephyr_final.dir/misc/empty_file.c.obj
LOAD zephyr/CMakeFiles/zephyr_final.dir/isr_tables.c.obj
LOAD zephyr/CMakeFiles/offsets.dir/./arch/arm/core/offsets/offsets.c.obj
LOAD app/libapp.a
LOAD zephyr/libzephyr.a
LOAD zephyr/arch/common/libarch__common.a
LOAD zephyr/arch/arch/arm/core/libarch__arm__core.a
LOAD zephyr/arch/arch/arm/core/cortex_m/libarch__arm__core__cortex_m.a
LOAD zephyr/arch/arch/arm/core/mpu/libarch__arm__core__mpu.a
LOAD zephyr/lib/libc/picolibc/liblib__libc__picolibc.a
LOAD zephyr/lib/libc/common/liblib__libc__common.a
LOAD zephyr/drivers/interrupt_controller/libdrivers__interrupt_controller.a
LOAD zephyr/drivers/clock_control/libdrivers__clock_control.a
LOAD zephyr/drivers/console/libdrivers__console.a
LOAD zephyr/drivers/gpio/libdrivers__gpio.a
LOAD zephyr/drivers/pinctrl/libdrivers__pinctrl.a
LOAD zephyr/drivers/reset/libdrivers__reset.a
LOAD zephyr/drivers/serial/libdrivers__serial.a
LOAD zephyr/drivers/timer/libdrivers__timer.a
LOAD modules/hal_stm32/stm32cube/lib..__modules__hal__stm32__stm32cube.a
LOAD zephyr/kernel/libkernel.a
LOAD zephyr/arch/common/libisr_tables.a
LOAD /home/simonas/zephyrproject/zephyr-sdk-0.16.3/arm-zephyr-eabi/bin/../lib/gcc/../../picolibc/arm-zephyr-eabi/lib/thumb/v7e-m/nofp/libc.a
LOAD /home/simonas/zephyrproject/zephyr-sdk-0.16.3/arm-zephyr-eabi/bin/../lib/gcc/arm-zephyr-eabi/12.2.0/thumb/v7e-m/nofp/libgcc.a
                0x0000000000000020                _region_min_align = 0x20

.rel.plt        0x0000000008000000        0x0
 *(SORT_BY_ALIGNMENT(.rel.plt))
                [!provide]                        PROVIDE (__rel_iplt_start = .)
 *(SORT_BY_ALIGNMENT(.rel.iplt))
 .rel.iplt      0x0000000008000000        0x0 zephyr/CMakeFiles/zephyr_final.dir/isr_tables.c.obj
                [!provide]                        PROVIDE (__rel_iplt_end = .)

.rela.plt       0x0000000000000000        0x0
 *(SORT_BY_ALIGNMENT(.rela.plt))
                [!provide]                        PROVIDE (__rela_iplt_start = .)
 *(SORT_BY_ALIGNMENT(.rela.iplt))
                [!provide]                        PROVIDE (__rela_iplt_end = .)

.rel.dyn
 *(SORT_BY_ALIGNMENT(.rel.*))

.rela.dyn
 *(SORT_BY_ALIGNMENT(.rela.*))

/DISCARD/
 *(SORT_BY_ALIGNMENT(.plt))

/DISCARD/
 *(SORT_BY_ALIGNMENT(.iplt))
                0x0000000008000000                __rom_region_start = 0x8000000

rom_start       0x0000000008000000      0x1c8
                0x0000000008000000                __rom_start_address = .
 FILL mask 0x00
                0x0000000008000000                . = (. + (0x0 - (. - __rom_start_address)))
                0x0000000008000000                . = ALIGN (0x4)
                0x0000000008000000                . = ALIGN (0x80)
                0x0000000008000000                . = ALIGN (0x200)
                0x0000000008000000                _vector_start = .
 *(SORT_BY_ALIGNMENT(.exc_vector_table))
 *(SORT_BY_ALIGNMENT(.exc_vector_table.*))
 .exc_vector_table._vector_table_section
                0x0000000008000000       0x40 zephyr/arch/arch/arm/core/cortex_m/libarch__arm__core__cortex_m.a(vector_table.S.obj)
                0x0000000008000000                _vector_table
 *(SORT_BY_ALIGNMENT(.vectors))
                0x00000000080001c8                _vector_end = .
                0x0000000008000040                . = ALIGN (0x4)
 *(SORT_BY_ALIGNMENT(.gnu.linkonce.irq_vector_table*))
 .gnu.linkonce.irq_vector_table
                0x0000000008000040      0x188 zephyr/CMakeFiles/zephyr_final.dir/isr_tables.c.obj
                0x0000000008000040                _irq_vector_table
                0x00000000080001c8                _vector_end = .

text            0x00000000080001c8     0x4424
                0x00000000080001c8                __text_region_start = .
 *(SORT_BY_ALIGNMENT(.text))
 .text          0x00000000080001c8       0x30 /home/simonas/zephyrproject/zephyr-sdk-0.16.3/arm-zephyr-eabi/bin/../lib/gcc/arm-zephyr-eabi/12.2.0/thumb/v7e-m/nofp/libgcc.a(_aeabi_uldivmod.o)
                0x00000000080001c8                __aeabi_uldivmod
 .text          0x00000000080001f8        0x4 /home/simonas/zephyrproject/zephyr-sdk-0.16.3/arm-zephyr-eabi/bin/../lib/gcc/arm-zephyr-eabi/12.2.0/thumb/v7e-m/nofp/libgcc.a(_dvmd_tls.o)
                0x00000000080001f8                __aeabi_ldiv0
                0x00000000080001f8                __aeabi_idiv0
 .text          0x00000000080001fc      0x2a0 /home/simonas/zephyrproject/zephyr-sdk-0.16.3/arm-zephyr-eabi/bin/../lib/gcc/arm-zephyr-eabi/12.2.0/thumb/v7e-m/nofp/libgcc.a(_udivmoddi4.o)
                0x00000000080001fc                __udivmoddi4
 *(SORT_BY_ALIGNMENT(.text.*))
 .text.main     0x000000000800049c        0xc app/libapp.a(main.c.obj)
                0x000000000800049c                main
 .text.char_out
                0x00000000080004a8        0xc zephyr/libzephyr.a(printk.c.obj)
 .text.__printk_hook_install
                0x00000000080004b4        0xc zephyr/libzephyr.a(printk.c.obj)
                0x00000000080004b4                __printk_hook_install
 .text.vprintk  0x00000000080004c0       0x30 zephyr/libzephyr.a(printk.c.obj)
                0x00000000080004c0                vprintk
 .text.z_thread_entry
                0x00000000080004f0       0x34 zephyr/libzephyr.a(thread_entry.c.obj)
                0x00000000080004f0                z_thread_entry
 .text.st_stm32_common_config
                0x0000000008000524       0x14 zephyr/libzephyr.a(soc_config.c.obj)
 .text.soc_early_init_hook
                0x0000000008000538       0x28 zephyr/libzephyr.a(soc.c.obj)
                0x0000000008000538                soc_early_init_hook
 .text.mem_attr_get_regions
                0x0000000008000560        0xc zephyr/libzephyr.a(mem_attr.c.obj)
                0x0000000008000560                mem_attr_get_regions
 .text.z_SysNmiOnReset
                0x000000000800056c        0x8 zephyr/arch/arch/arm/core/libarch__arm__core.a(nmi_on_reset.S.obj)
                0x000000000800056c                z_SysNmiOnReset
 .text.arch_tls_stack_setup
                0x0000000008000574       0x40 zephyr/arch/arch/arm/core/libarch__arm__core.a(tls.c.obj)
                0x0000000008000574                arch_tls_stack_setup
 .text._HandlerModeExit
                0x00000000080005b4       0x20 zephyr/arch/arch/arm/core/cortex_m/libarch__arm__core__cortex_m.a(exc_exit.c.obj)
                0x00000000080005b4                z_arm_exc_exit
                0x00000000080005b4                z_arm_int_exit
 .text.mem_manage_fault
                0x00000000080005d4       0xa0 zephyr/arch/arch/arm/core/cortex_m/libarch__arm__core__cortex_m.a(fault.c.obj)
 .text.usage_fault.constprop.0
                0x0000000008000674       0x54 zephyr/arch/arch/arm/core/cortex_m/libarch__arm__core__cortex_m.a(fault.c.obj)
 .text.bus_fault.constprop.0
                0x00000000080006c8       0x6c zephyr/arch/arch/arm/core/cortex_m/libarch__arm__core__cortex_m.a(fault.c.obj)
 .text.z_arm_fault
                0x0000000008000734      0x128 zephyr/arch/arch/arm/core/cortex_m/libarch__arm__core__cortex_m.a(fault.c.obj)
                0x0000000008000734                z_arm_fault
 .text.z_arm_fault_init
                0x000000000800085c       0x18 zephyr/arch/arch/arm/core/cortex_m/libarch__arm__core__cortex_m.a(fault.c.obj)
                0x000000000800085c                z_arm_fault_init
 .text.__fault  0x0000000008000874       0x14 zephyr/arch/arch/arm/core/cortex_m/libarch__arm__core__cortex_m.a(fault_s.S.obj)
                0x0000000008000874                z_arm_bus_fault
                0x0000000008000874                z_arm_usage_fault
                0x0000000008000874                z_arm_mpu_fault
                0x0000000008000874                z_arm_exc_spurious
                0x0000000008000874                z_arm_debug_monitor
                0x0000000008000874                z_arm_hard_fault
 .text._reset_section
                0x0000000008000888       0x34 zephyr/arch/arch/arm/core/cortex_m/libarch__arm__core__cortex_m.a(reset.S.obj)
                0x0000000008000888                z_arm_reset
                0x0000000008000888                __start
 .text.z_impl_k_thread_abort
                0x00000000080008bc       0x2c zephyr/arch/arch/arm/core/cortex_m/libarch__arm__core__cortex_m.a(thread_abort.c.obj)
                0x00000000080008bc                z_impl_k_thread_abort
 .text.z_arm_pendsv
                0x00000000080008e8       0x60 zephyr/arch/arch/arm/core/cortex_m/libarch__arm__core__cortex_m.a(swap_helper.S.obj)
                0x00000000080008e8                z_arm_pendsv
 .text.z_arm_svc
                0x0000000008000948       0x24 zephyr/arch/arch/arm/core/cortex_m/libarch__arm__core__cortex_m.a(swap_helper.S.obj)
                0x0000000008000948                z_arm_svc
 .text.arm_irq_enable
                0x000000000800096c       0x1c zephyr/arch/arch/arm/core/cortex_m/libarch__arm__core__cortex_m.a(irq_manage.c.obj)
                0x000000000800096c                arm_irq_enable
 .text.arm_irq_priority_set
                0x0000000008000988       0x2c zephyr/arch/arch/arm/core/cortex_m/libarch__arm__core__cortex_m.a(irq_manage.c.obj)
                0x0000000008000988                arm_irq_priority_set
 .text.relocate_vector_table
                0x00000000080009b4       0x1c zephyr/arch/arch/arm/core/cortex_m/libarch__arm__core__cortex_m.a(prep_c.c.obj)
                0x00000000080009b4                relocate_vector_table
 .text.z_prep_c
                0x00000000080009d0       0x38 zephyr/arch/arch/arm/core/cortex_m/libarch__arm__core__cortex_m.a(prep_c.c.obj)
                0x00000000080009d0                z_prep_c
 .text.arch_new_thread
                0x0000000008000a08       0x2c zephyr/arch/arch/arm/core/cortex_m/libarch__arm__core__cortex_m.a(thread.c.obj)
                0x0000000008000a08                arch_new_thread
 .text.z_check_thread_stack_fail
                0x0000000008000a34       0x2c zephyr/arch/arch/arm/core/cortex_m/libarch__arm__core__cortex_m.a(thread.c.obj)
                0x0000000008000a34                z_check_thread_stack_fail
 .text.arch_switch_to_main_thread
                0x0000000008000a60       0x3c zephyr/arch/arch/arm/core/cortex_m/libarch__arm__core__cortex_m.a(thread.c.obj)
                0x0000000008000a60                arch_switch_to_main_thread
 .text.z_arm_cpu_idle_init
                0x0000000008000a9c        0xc zephyr/arch/arch/arm/core/cortex_m/libarch__arm__core__cortex_m.a(cpu_idle.c.obj)
                0x0000000008000a9c                z_arm_cpu_idle_init
 .text.z_arm_interrupt_init
                0x0000000008000aa8       0x18 zephyr/arch/arch/arm/core/cortex_m/libarch__arm__core__cortex_m.a(irq_init.c.obj)
                0x0000000008000aa8                z_arm_interrupt_init
 .text._isr_wrapper
                0x0000000008000ac0       0x24 zephyr/arch/arch/arm/core/cortex_m/libarch__arm__core__cortex_m.a(isr_wrapper.c.obj)
                0x0000000008000ac0                _isr_wrapper
 .text.z_arm_configure_static_mpu_regions
                0x0000000008000ae4       0x18 zephyr/arch/arch/arm/core/mpu/libarch__arm__core__mpu.a(arm_core_mpu.c.obj)
                0x0000000008000ae4                z_arm_configure_static_mpu_regions
 .text.z_arm_configure_dynamic_mpu_regions
                0x0000000008000afc       0x20 zephyr/arch/arch/arm/core/mpu/libarch__arm__core__mpu.a(arm_core_mpu.c.obj)
                0x0000000008000afc                z_arm_configure_dynamic_mpu_regions
 .text.region_init
                0x0000000008000b1c       0x28 zephyr/arch/arch/arm/core/mpu/libarch__arm__core__mpu.a(arm_mpu.c.obj)
 .text.mpu_configure_regions
                0x0000000008000b44       0x6c zephyr/arch/arch/arm/core/mpu/libarch__arm__core__mpu.a(arm_mpu.c.obj)
 .text.arm_core_mpu_enable
                0x0000000008000bb0       0x18 zephyr/arch/arch/arm/core/mpu/libarch__arm__core__mpu.a(arm_mpu.c.obj)
                0x0000000008000bb0                arm_core_mpu_enable
 .text.arm_core_mpu_disable
                0x0000000008000bc8       0x14 zephyr/arch/arch/arm/core/mpu/libarch__arm__core__mpu.a(arm_mpu.c.obj)
                0x0000000008000bc8                arm_core_mpu_disable
 .text.arm_core_mpu_configure_static_mpu_regions
                0x0000000008000bdc       0x14 zephyr/arch/arch/arm/core/mpu/libarch__arm__core__mpu.a(arm_mpu.c.obj)
                0x0000000008000bdc                arm_core_mpu_configure_static_mpu_regions
 .text.arm_core_mpu_configure_dynamic_mpu_regions
                0x0000000008000bf0       0x38 zephyr/arch/arch/arm/core/mpu/libarch__arm__core__mpu.a(arm_mpu.c.obj)
                0x0000000008000bf0                arm_core_mpu_configure_dynamic_mpu_regions
 .text.z_arm_mpu_init
                0x0000000008000c28      0x168 zephyr/arch/arch/arm/core/mpu/libarch__arm__core__mpu.a(arm_mpu.c.obj)
                0x0000000008000c28                z_arm_mpu_init
 .text.z_impl_zephyr_fputc
                0x0000000008000d90       0x10 zephyr/lib/libc/picolibc/liblib__libc__picolibc.a(stdio.c.obj)
                0x0000000008000d90                z_impl_zephyr_fputc
 .text.__stdout_hook_install
                0x0000000008000da0       0x18 zephyr/lib/libc/picolibc/liblib__libc__picolibc.a(stdio.c.obj)
                0x0000000008000da0                __stdout_hook_install
 .text.malloc_prepare
                0x0000000008000db8       0x24 zephyr/lib/libc/common/liblib__libc__common.a(malloc.c.obj)
 .text.stm32_exti_isr
                0x0000000008000ddc       0x50 zephyr/drivers/interrupt_controller/libdrivers__interrupt_controller.a(intc_exti_stm32.c.obj)
 .text.stm32_fill_irq_table
                0x0000000008000e2c       0x18 zephyr/drivers/interrupt_controller/libdrivers__interrupt_controller.a(intc_exti_stm32.c.obj)
 .text.stm32_exti_init
                0x0000000008000e44       0xb4 zephyr/drivers/interrupt_controller/libdrivers__interrupt_controller.a(intc_exti_stm32.c.obj)
 .text.stm32_gpio_intc_enable_line
                0x0000000008000ef8       0x2c zephyr/drivers/interrupt_controller/libdrivers__interrupt_controller.a(intc_exti_stm32.c.obj)
                0x0000000008000ef8                stm32_gpio_intc_enable_line
 .text.stm32_gpio_intc_disable_line
                0x0000000008000f24       0x10 zephyr/drivers/interrupt_controller/libdrivers__interrupt_controller.a(intc_exti_stm32.c.obj)
                0x0000000008000f24                stm32_gpio_intc_disable_line
 .text.stm32_gpio_intc_select_line_trigger
                0x0000000008000f34       0x50 zephyr/drivers/interrupt_controller/libdrivers__interrupt_controller.a(intc_exti_stm32.c.obj)
                0x0000000008000f34                stm32_gpio_intc_select_line_trigger
 .text.stm32_gpio_intc_set_irq_callback
                0x0000000008000f84       0x40 zephyr/drivers/interrupt_controller/libdrivers__interrupt_controller.a(intc_exti_stm32.c.obj)
                0x0000000008000f84                stm32_gpio_intc_set_irq_callback
 .text.stm32_gpio_intc_remove_irq_callback
                0x0000000008000fc4       0x24 zephyr/drivers/interrupt_controller/libdrivers__interrupt_controller.a(intc_exti_stm32.c.obj)
                0x0000000008000fc4                stm32_gpio_intc_remove_irq_callback
 .text.stm32_exti_get_line_src_port
                0x0000000008000fe8       0x30 zephyr/drivers/interrupt_controller/libdrivers__interrupt_controller.a(intc_exti_stm32.c.obj)
                0x0000000008000fe8                stm32_exti_get_line_src_port
 .text.stm32_clock_control_get_subsys_rate
                0x0000000008001018       0xac zephyr/drivers/clock_control/libdrivers__clock_control.a(clock_stm32_ll_common.c.obj)
 .text.stm32_clock_control_init
                0x00000000080010c4      0x124 zephyr/drivers/clock_control/libdrivers__clock_control.a(clock_stm32_ll_common.c.obj)
                0x00000000080010c4                stm32_clock_control_init
 .text.get_pllsrc_frequency
                0x00000000080011e8        0x8 zephyr/drivers/clock_control/libdrivers__clock_control.a(clock_stm32f2_f4_f7.c.obj)
                0x00000000080011e8                get_pllsrc_frequency
 .text.config_pll_sysclock
                0x00000000080011f0       0x60 zephyr/drivers/clock_control/libdrivers__clock_control.a(clock_stm32f2_f4_f7.c.obj)
                0x00000000080011f0                config_pll_sysclock
 .text.config_enable_default_clocks
                0x0000000008001250       0x20 zephyr/drivers/clock_control/libdrivers__clock_control.a(clock_stm32f2_f4_f7.c.obj)
                0x0000000008001250                config_enable_default_clocks
 .text.uart_console_init
                0x0000000008001270       0x28 zephyr/drivers/console/libdrivers__console.a(uart_console.c.obj)
 .text.console_out
                0x0000000008001298       0x28 zephyr/drivers/console/libdrivers__console.a(uart_console.c.obj)
 .text.gpio_stm32_pin_interrupt_configure
                0x00000000080012c0       0xb0 zephyr/drivers/gpio/libdrivers__gpio.a(gpio_stm32.c.obj)
 .text.gpio_stm32_init
                0x0000000008001370       0x38 zephyr/drivers/gpio/libdrivers__gpio.a(gpio_stm32.c.obj)
 .text.pinctrl_configure_pins
                0x00000000080013a8       0x84 zephyr/drivers/pinctrl/libdrivers__pinctrl.a(pinctrl_stm32.c.obj)
                0x00000000080013a8                pinctrl_configure_pins
 .text.uart_stm32_parameters_set
                0x000000000800142c      0x134 zephyr/drivers/serial/libdrivers__serial.a(uart_stm32.c.obj)
 .text.uart_stm32_init
                0x0000000008001560      0x160 zephyr/drivers/serial/libdrivers__serial.a(uart_stm32.c.obj)
 .text.uart_stm32_configure
                0x00000000080016c0      0x160 zephyr/drivers/serial/libdrivers__serial.a(uart_stm32.c.obj)
 .text.elapsed  0x0000000008001820       0x4c zephyr/drivers/timer/libdrivers__timer.a(cortex_m_systick.c.obj)
 .text.sys_clock_driver_init
                0x000000000800186c       0x38 zephyr/drivers/timer/libdrivers__timer.a(cortex_m_systick.c.obj)
 .text.sys_clock_isr
                0x00000000080018a4       0x60 zephyr/drivers/timer/libdrivers__timer.a(cortex_m_systick.c.obj)
                0x00000000080018a4                sys_clock_isr
 .text.sys_clock_set_timeout
                0x0000000008001904       0xfc zephyr/drivers/timer/libdrivers__timer.a(cortex_m_systick.c.obj)
                0x0000000008001904                sys_clock_set_timeout
 .text.sys_clock_elapsed
                0x0000000008001a00       0x3c zephyr/drivers/timer/libdrivers__timer.a(cortex_m_systick.c.obj)
                0x0000000008001a00                sys_clock_elapsed
 .text.HAL_RCC_GetSysClockFreq
                0x0000000008001a3c       0x5c modules/hal_stm32/stm32cube/lib..__modules__hal__stm32__stm32cube.a(stm32f7xx_hal_rcc.c.obj)
                0x0000000008001a3c                HAL_RCC_GetSysClockFreq
 .text.LL_SetFlashLatency
                0x0000000008001a98       0xe0 modules/hal_stm32/stm32cube/lib..__modules__hal__stm32__stm32cube.a(stm32f7xx_ll_utils.c.obj)
                0x0000000008001a98                LL_SetFlashLatency
 .text.z_fatal_error
                0x0000000008001b78       0x30 zephyr/kernel/libkernel.a(fatal.c.obj)
                0x0000000008001b78                z_fatal_error
 .text.z_sys_init_run_level
                0x0000000008001ba8       0x30 zephyr/kernel/libkernel.a(init.c.obj)
 .text.bg_thread_main
                0x0000000008001bd8       0xc0 zephyr/kernel/libkernel.a(init.c.obj)
 .text.z_bss_zero
                0x0000000008001c98       0x2c zephyr/kernel/libkernel.a(init.c.obj)
                0x0000000008001c98                z_bss_zero
 .text.z_init_cpu
                0x0000000008001cc4       0x70 zephyr/kernel/libkernel.a(init.c.obj)
                0x0000000008001cc4                z_init_cpu
 .text.z_cstart
                0x0000000008001d34       0xc8 zephyr/kernel/libkernel.a(init.c.obj)
                0x0000000008001d34                z_cstart
 .text.z_setup_new_thread
                0x0000000008001dfc       0x9c zephyr/kernel/libkernel.a(thread.c.obj)
                0x0000000008001dfc                z_setup_new_thread
 .text.z_dummy_thread_init
                0x0000000008001e98       0x18 zephyr/kernel/libkernel.a(thread.c.obj)
                0x0000000008001e98                z_dummy_thread_init
 .text.z_swap_irqlock
                0x0000000008001eb0       0x30 zephyr/kernel/libkernel.a(sched.c.obj)
 .text.ready_thread
                0x0000000008001ee0       0x84 zephyr/kernel/libkernel.a(sched.c.obj)
 .text.move_thread_to_end_of_prio_q
                0x0000000008001f64       0x90 zephyr/kernel/libkernel.a(sched.c.obj)
                0x0000000008001f64                move_thread_to_end_of_prio_q
 .text.z_reschedule
                0x0000000008001ff4       0x24 zephyr/kernel/libkernel.a(sched.c.obj)
                0x0000000008001ff4                z_reschedule
 .text.z_reschedule_irqlock
                0x0000000008002018       0x28 zephyr/kernel/libkernel.a(sched.c.obj)
                0x0000000008002018                z_reschedule_irqlock
 .text.k_sched_lock
                0x0000000008002040       0x28 zephyr/kernel/libkernel.a(sched.c.obj)
                0x0000000008002040                k_sched_lock
 .text.k_sched_unlock
                0x0000000008002068       0x68 zephyr/kernel/libkernel.a(sched.c.obj)
                0x0000000008002068                k_sched_unlock
 .text.z_sched_init
                0x00000000080020d0       0x10 zephyr/kernel/libkernel.a(sched.c.obj)
                0x00000000080020d0                z_sched_init
 .text.z_impl_k_wakeup
                0x00000000080020e0       0x48 zephyr/kernel/libkernel.a(sched.c.obj)
                0x00000000080020e0                z_impl_k_wakeup
 .text.z_impl_k_sched_current_thread_query
                0x0000000008002128        0xc zephyr/kernel/libkernel.a(sched.c.obj)
                0x0000000008002128                z_impl_k_sched_current_thread_query
 .text.z_thread_abort
                0x0000000008002134      0x138 zephyr/kernel/libkernel.a(sched.c.obj)
                0x0000000008002134                z_thread_abort
 .text.slice_timeout
                0x000000000800226c       0x20 zephyr/kernel/libkernel.a(timeslicing.c.obj)
 .text.thread_is_sliceable
                0x000000000800228c       0x3c zephyr/kernel/libkernel.a(timeslicing.c.obj)
                0x000000000800228c                thread_is_sliceable
 .text.z_reset_time_slice
                0x00000000080022c8       0x50 zephyr/kernel/libkernel.a(timeslicing.c.obj)
                0x00000000080022c8                z_reset_time_slice
 .text.z_time_slice
                0x0000000008002318       0x60 zephyr/kernel/libkernel.a(timeslicing.c.obj)
                0x0000000008002318                z_time_slice
 .text.z_data_copy
                0x0000000008002378       0x50 zephyr/kernel/libkernel.a(xip.c.obj)
                0x0000000008002378                z_data_copy
 .text.first    0x00000000080023c8       0x10 zephyr/kernel/libkernel.a(timeout.c.obj)
 .text.elapsed  0x00000000080023d8       0x14 zephyr/kernel/libkernel.a(timeout.c.obj)
 .text.remove_timeout
                0x00000000080023ec       0x38 zephyr/kernel/libkernel.a(timeout.c.obj)
 .text.z_add_timeout
                0x0000000008002424      0x124 zephyr/kernel/libkernel.a(timeout.c.obj)
                0x0000000008002424                z_add_timeout
 .text.sys_clock_announce
                0x0000000008002548       0xc0 zephyr/kernel/libkernel.a(timeout.c.obj)
                0x0000000008002548                sys_clock_announce
 .text.boot_banner
                0x0000000008002608        0xc zephyr/kernel/libkernel.a(banner.c.obj)
                0x0000000008002608                boot_banner
 .text.skip_to_arg
                0x0000000008002614      0x138 /home/simonas/zephyrproject/zephyr-sdk-0.16.3/arm-zephyr-eabi/bin/../lib/gcc/../../picolibc/arm-zephyr-eabi/lib/thumb/v7e-m/nofp/libc.a(libc_tinystdio_vfprintf.c.o)
 .text.vfprintf
                0x000000000800274c      0xbac /home/simonas/zephyrproject/zephyr-sdk-0.16.3/arm-zephyr-eabi/bin/../lib/gcc/../../picolibc/arm-zephyr-eabi/lib/thumb/v7e-m/nofp/libc.a(libc_tinystdio_vfprintf.c.o)
                0x000000000800274c                __d_vfprintf
                0x000000000800274c                vfprintf
 .text.div10    0x00000000080032f8       0x28 /home/simonas/zephyrproject/zephyr-sdk-0.16.3/arm-zephyr-eabi/bin/../lib/gcc/../../picolibc/arm-zephyr-eabi/lib/thumb/v7e-m/nofp/libc.a(libc_tinystdio_dtoa_ryu.c.o)
 .text.__dtoa_engine
                0x0000000008003320      0x4a4 /home/simonas/zephyrproject/zephyr-sdk-0.16.3/arm-zephyr-eabi/bin/../lib/gcc/../../picolibc/arm-zephyr-eabi/lib/thumb/v7e-m/nofp/libc.a(libc_tinystdio_dtoa_ryu.c.o)
                0x0000000008003320                __dtoa_engine
 .text.__pow5Factor
                0x00000000080037c4       0x30 /home/simonas/zephyrproject/zephyr-sdk-0.16.3/arm-zephyr-eabi/bin/../lib/gcc/../../picolibc/arm-zephyr-eabi/lib/thumb/v7e-m/nofp/libc.a(libc_tinystdio_ryu_table.c.o)
                0x00000000080037c4                __pow5Factor
 .text.__double_computePow5
                0x00000000080037f4       0xe8 /home/simonas/zephyrproject/zephyr-sdk-0.16.3/arm-zephyr-eabi/bin/../lib/gcc/../../picolibc/arm-zephyr-eabi/lib/thumb/v7e-m/nofp/libc.a(libc_tinystdio_ryu_table.c.o)
                0x00000000080037f4                __double_computePow5
 .text.__double_computeInvPow5
                0x00000000080038dc       0xf8 /home/simonas/zephyrproject/zephyr-sdk-0.16.3/arm-zephyr-eabi/bin/../lib/gcc/../../picolibc/arm-zephyr-eabi/lib/thumb/v7e-m/nofp/libc.a(libc_tinystdio_ryu_table.c.o)
                0x00000000080038dc                __double_computeInvPow5
 .text.__log10Pow2
                0x00000000080039d4        0xc /home/simonas/zephyrproject/zephyr-sdk-0.16.3/arm-zephyr-eabi/bin/../lib/gcc/../../picolibc/arm-zephyr-eabi/lib/thumb/v7e-m/nofp/libc.a(libc_tinystdio_ryu_log10.c.o)
                0x00000000080039d4                __log10Pow2
 .text.__log10Pow5
                0x00000000080039e0        0xc /home/simonas/zephyrproject/zephyr-sdk-0.16.3/arm-zephyr-eabi/bin/../lib/gcc/../../picolibc/arm-zephyr-eabi/lib/thumb/v7e-m/nofp/libc.a(libc_tinystdio_ryu_log10.c.o)
                0x00000000080039e0                __log10Pow5
 .text.__pow5bits
                0x00000000080039ec       0x10 /home/simonas/zephyrproject/zephyr-sdk-0.16.3/arm-zephyr-eabi/bin/../lib/gcc/../../picolibc/arm-zephyr-eabi/lib/thumb/v7e-m/nofp/libc.a(libc_tinystdio_ryu_pow5bits.c.o)
                0x00000000080039ec                __pow5bits
 .text._OffsetAbsSyms
                0x00000000080039fc        0x2 zephyr/CMakeFiles/offsets.dir/./arch/arm/core/offsets/offsets.c.obj
                0x00000000080039fc                _OffsetAbsSyms
 .text.chunk_size
                0x00000000080039fe        0xa zephyr/libzephyr.a(heap.c.obj)
 .text.free_list_add
                0x0000000008003a08       0x4e zephyr/libzephyr.a(heap.c.obj)
 .text.sys_heap_init
                0x0000000008003a56       0x7a zephyr/libzephyr.a(heap.c.obj)
                0x0000000008003a56                sys_heap_init
 .text.arch_printk_char_out
                0x0000000008003ad0        0x4 zephyr/libzephyr.a(printk.c.obj)
                0x0000000008003ad0                arch_printk_char_out
 .text.printk   0x0000000008003ad4       0x1a zephyr/libzephyr.a(printk.c.obj)
                0x0000000008003ad4                printk
 .text._ConfigAbsSyms
                0x0000000008003aee        0x2 zephyr/libzephyr.a(configs.c.obj)
                0x0000000008003aee                _ConfigAbsSyms
 .text.z_arm_fatal_error
                0x0000000008003af0        0xc zephyr/arch/arch/arm/core/libarch__arm__core.a(fatal.c.obj)
                0x0000000008003af0                z_arm_fatal_error
 .text.z_do_kernel_oops
                0x0000000008003afc        0x8 zephyr/arch/arch/arm/core/libarch__arm__core.a(fatal.c.obj)
                0x0000000008003afc                z_do_kernel_oops
 .text.z_arm_nmi
                0x0000000008003b04        0xe zephyr/arch/arch/arm/core/libarch__arm__core.a(nmi.c.obj)
                0x0000000008003b04                z_arm_nmi
 .text.z_irq_spurious
                0x0000000008003b12        0x8 zephyr/arch/arch/arm/core/cortex_m/libarch__arm__core__cortex_m.a(irq_manage.c.obj)
                0x0000000008003b12                z_irq_spurious
 .text.arch_irq_unlock_outlined
                0x0000000008003b1a        0xe zephyr/arch/arch/arm/core/cortex_m/libarch__arm__core__cortex_m.a(thread.c.obj)
                0x0000000008003b1a                arch_irq_unlock_outlined
 .text.arch_cpu_idle
                0x0000000008003b28       0x1a zephyr/arch/arch/arm/core/cortex_m/libarch__arm__core__cortex_m.a(cpu_idle.c.obj)
                0x0000000008003b28                arch_cpu_idle
 .text.size_to_mpu_rasr_size
                0x0000000008003b42       0x20 zephyr/arch/arch/arm/core/mpu/libarch__arm__core__mpu.a(arm_mpu.c.obj)
 .text.picolibc_put
                0x0000000008003b62        0xa zephyr/lib/libc/picolibc/liblib__libc__picolibc.a(stdio.c.obj)
 .text.stm32_gpio_intc_get_pin_irq_line
                0x0000000008003b6c        0x6 zephyr/drivers/interrupt_controller/libdrivers__interrupt_controller.a(intc_exti_stm32.c.obj)
                0x0000000008003b6c                stm32_gpio_intc_get_pin_irq_line
 .text.stm32_exti_set_line_src_port
                0x0000000008003b72       0x36 zephyr/drivers/interrupt_controller/libdrivers__interrupt_controller.a(intc_exti_stm32.c.obj)
                0x0000000008003b72                stm32_exti_set_line_src_port
 .text.stm32_clock_control_on
                0x0000000008003ba8       0x44 zephyr/drivers/clock_control/libdrivers__clock_control.a(clock_stm32_ll_common.c.obj)
 .text.stm32_clock_control_off
                0x0000000008003bec       0x2e zephyr/drivers/clock_control/libdrivers__clock_control.a(clock_stm32_ll_common.c.obj)
 .text.enabled_clock
                0x0000000008003c1a       0x20 zephyr/drivers/clock_control/libdrivers__clock_control.a(clock_stm32_ll_common.c.obj)
                0x0000000008003c1a                enabled_clock
 .text.stm32_clock_control_configure
                0x0000000008003c3a       0x52 zephyr/drivers/clock_control/libdrivers__clock_control.a(clock_stm32_ll_common.c.obj)
 .text.stm32_clock_control_get_status
                0x0000000008003c8c       0x38 zephyr/drivers/clock_control/libdrivers__clock_control.a(clock_stm32_ll_common.c.obj)
 .text.config_regulator_voltage
                0x0000000008003cc4        0x2 zephyr/drivers/clock_control/libdrivers__clock_control.a(clock_stm32_ll_common.c.obj)
                0x0000000008003cc4                config_regulator_voltage
 .text.gpio_stm32_port_get_raw
                0x0000000008003cc6        0xc zephyr/drivers/gpio/libdrivers__gpio.a(gpio_stm32.c.obj)
 .text.gpio_stm32_port_set_masked_raw
                0x0000000008003cd2       0x12 zephyr/drivers/gpio/libdrivers__gpio.a(gpio_stm32.c.obj)
 .text.gpio_stm32_port_set_bits_raw
                0x0000000008003ce4        0xa zephyr/drivers/gpio/libdrivers__gpio.a(gpio_stm32.c.obj)
 .text.gpio_stm32_port_clear_bits_raw
                0x0000000008003cee        0xc zephyr/drivers/gpio/libdrivers__gpio.a(gpio_stm32.c.obj)
 .text.gpio_stm32_port_toggle_bits
                0x0000000008003cfa        0xe zephyr/drivers/gpio/libdrivers__gpio.a(gpio_stm32.c.obj)
 .text.gpio_stm32_manage_callback
                0x0000000008003d08       0x52 zephyr/drivers/gpio/libdrivers__gpio.a(gpio_stm32.c.obj)
 .text.gpio_stm32_configure_raw.isra.0
                0x0000000008003d5a      0x114 zephyr/drivers/gpio/libdrivers__gpio.a(gpio_stm32.c.obj)
 .text.gpio_stm32_config
                0x0000000008003e6e       0xd8 zephyr/drivers/gpio/libdrivers__gpio.a(gpio_stm32.c.obj)
 .text.gpio_stm32_isr
                0x0000000008003f46       0x2c zephyr/drivers/gpio/libdrivers__gpio.a(gpio_stm32.c.obj)
 .text.gpio_stm32_configure
                0x0000000008003f72       0x30 zephyr/drivers/gpio/libdrivers__gpio.a(gpio_stm32.c.obj)
                0x0000000008003f72                gpio_stm32_configure
 .text.pinctrl_lookup_state
                0x0000000008003fa2       0x26 zephyr/drivers/pinctrl/libdrivers__pinctrl.a(common.c.obj)
                0x0000000008003fa2                pinctrl_lookup_state
 .text.reset_stm32_status
                0x0000000008003fc8       0x22 zephyr/drivers/reset/libdrivers__reset.a(reset_stm32.c.obj)
 .text.reset_stm32_line_assert
                0x0000000008003fea       0x1c zephyr/drivers/reset/libdrivers__reset.a(reset_stm32.c.obj)
 .text.reset_stm32_line_deassert
                0x0000000008004006       0x1e zephyr/drivers/reset/libdrivers__reset.a(reset_stm32.c.obj)
 .text.reset_stm32_line_toggle
                0x0000000008004024       0x16 zephyr/drivers/reset/libdrivers__reset.a(reset_stm32.c.obj)
 .text.uart_stm32_set_baudrate
                0x000000000800403a       0x36 zephyr/drivers/serial/libdrivers__serial.a(uart_stm32.c.obj)
 .text.uart_stm32_ll2cfg_databits
                0x0000000008004070       0x2a zephyr/drivers/serial/libdrivers__serial.a(uart_stm32.c.obj)
 .text.uart_stm32_err_check
                0x000000000800409a       0x5a zephyr/drivers/serial/libdrivers__serial.a(uart_stm32.c.obj)
 .text.uart_stm32_poll_out
                0x00000000080040f4       0x36 zephyr/drivers/serial/libdrivers__serial.a(uart_stm32.c.obj)
 .text.uart_stm32_poll_in
                0x000000000800412a       0x22 zephyr/drivers/serial/libdrivers__serial.a(uart_stm32.c.obj)
 .text.uart_stm32_config_get
                0x000000000800414c       0x92 zephyr/drivers/serial/libdrivers__serial.a(uart_stm32.c.obj)
 .text.z_device_state_init
                0x00000000080041de        0x2 zephyr/kernel/libkernel.a(device.c.obj)
                0x00000000080041de                z_device_state_init
 .text.z_impl_device_is_ready
                0x00000000080041e0       0x16 zephyr/kernel/libkernel.a(device.c.obj)
                0x00000000080041e0                z_impl_device_is_ready
 .text.arch_system_halt
                0x00000000080041f6       0x10 zephyr/kernel/libkernel.a(fatal.c.obj)
                0x00000000080041f6                arch_system_halt
 .text.k_sys_fatal_error_handler
                0x0000000008004206        0x6 zephyr/kernel/libkernel.a(fatal.c.obj)
                0x0000000008004206                k_sys_fatal_error_handler
 .text.do_device_init
                0x000000000800420c       0x2e zephyr/kernel/libkernel.a(init.c.obj)
 .text.z_early_memset
                0x000000000800423a        0x4 zephyr/kernel/libkernel.a(init.c.obj)
                0x000000000800423a                z_early_memset
 .text.z_early_memcpy
                0x000000000800423e        0x4 zephyr/kernel/libkernel.a(init.c.obj)
                0x000000000800423e                z_early_memcpy
 .text.idle     0x0000000008004242       0x16 zephyr/kernel/libkernel.a(idle.c.obj)
                0x0000000008004242                idle
 .text.sys_dlist_remove
                0x0000000008004258       0x10 zephyr/kernel/libkernel.a(sched.c.obj)
 .text.unpend_thread_no_timeout
                0x0000000008004268       0x14 zephyr/kernel/libkernel.a(sched.c.obj)
 .text.z_ready_thread
                0x000000000800427c       0x1e zephyr/kernel/libkernel.a(sched.c.obj)
                0x000000000800427c                z_ready_thread
 .text.z_sched_wake_thread
                0x000000000800429a       0x3a zephyr/kernel/libkernel.a(sched.c.obj)
                0x000000000800429a                z_sched_wake_thread
 .text.z_thread_timeout
                0x00000000080042d4        0x8 zephyr/kernel/libkernel.a(sched.c.obj)
                0x00000000080042d4                z_thread_timeout
 .text.next_timeout
                0x00000000080042dc       0x2e zephyr/kernel/libkernel.a(timeout.c.obj)
 .text.z_abort_timeout
                0x000000000800430a       0x50 zephyr/kernel/libkernel.a(timeout.c.obj)
                0x000000000800430a                z_abort_timeout
 .text.strnlen  0x000000000800435a       0x18 /home/simonas/zephyrproject/zephyr-sdk-0.16.3/arm-zephyr-eabi/bin/../lib/gcc/../../picolibc/arm-zephyr-eabi/lib/thumb/v7e-m/nofp/libc.a(libc_string_strnlen.c.o)
                0x000000000800435a                strnlen
 .text.__ultoa_invert
                0x0000000008004372       0x58 /home/simonas/zephyrproject/zephyr-sdk-0.16.3/arm-zephyr-eabi/bin/../lib/gcc/../../picolibc/arm-zephyr-eabi/lib/thumb/v7e-m/nofp/libc.a(libc_tinystdio_vfprintf.c.o)
 .text.mulShiftAll64
                0x00000000080043ca      0x176 /home/simonas/zephyrproject/zephyr-sdk-0.16.3/arm-zephyr-eabi/bin/../lib/gcc/../../picolibc/arm-zephyr-eabi/lib/thumb/v7e-m/nofp/libc.a(libc_tinystdio_dtoa_ryu.c.o)
 .text.__umul128
                0x0000000008004540       0x36 /home/simonas/zephyrproject/zephyr-sdk-0.16.3/arm-zephyr-eabi/bin/../lib/gcc/../../picolibc/arm-zephyr-eabi/lib/thumb/v7e-m/nofp/libc.a(libc_tinystdio_ryu_umul128.c.o)
                0x0000000008004540                __umul128
 .text.__shiftright128
                0x0000000008004576       0x3e /home/simonas/zephyrproject/zephyr-sdk-0.16.3/arm-zephyr-eabi/bin/../lib/gcc/../../picolibc/arm-zephyr-eabi/lib/thumb/v7e-m/nofp/libc.a(libc_tinystdio_ryu_umul128.c.o)
                0x0000000008004576                __shiftright128
 .text.memcpy   0x00000000080045b4       0x1c /home/simonas/zephyrproject/zephyr-sdk-0.16.3/arm-zephyr-eabi/bin/../lib/gcc/../../picolibc/arm-zephyr-eabi/lib/thumb/v7e-m/nofp/libc.a(memcpy.c.o)
                0x00000000080045b4                memcpy
                0x00000000080045b4                __aeabi_memcpy
                0x00000000080045b4                __aeabi_memcpy4
                0x00000000080045b4                __aeabi_memcpy8
 .text.memset   0x00000000080045d0       0x10 /home/simonas/zephyrproject/zephyr-sdk-0.16.3/arm-zephyr-eabi/bin/../lib/gcc/../../picolibc/arm-zephyr-eabi/lib/thumb/v7e-m/nofp/libc.a(memset.c.o)
                0x00000000080045d0                memset
 *(SORT_BY_ALIGNMENT(.TEXT.*))
 .TEXT.__aeabi_read_tp
                0x00000000080045e0        0xc zephyr/arch/arch/arm/core/cortex_m/libarch__arm__core__cortex_m.a(__aeabi_read_tp.S.obj)
                0x00000000080045e0                __aeabi_read_tp
 *(SORT_BY_ALIGNMENT(.gnu.linkonce.t.*))
 *(SORT_BY_ALIGNMENT(.glue_7t))
 .glue_7t       0x00000000080045ec        0x0 linker stubs
 *(SORT_BY_ALIGNMENT(.glue_7))
 .glue_7        0x00000000080045ec        0x0 linker stubs
 *(SORT_BY_ALIGNMENT(.vfp11_veneer))
 .vfp11_veneer  0x00000000080045ec        0x0 linker stubs
 *(SORT_BY_ALIGNMENT(.v4_bx))
 .v4_bx         0x00000000080045ec        0x0 linker stubs
                0x00000000080045ec                . = ALIGN (0x4)
                0x00000000080045ec                __text_region_end = .

.ARM.exidx      0x00000000080045ec        0x8
                0x00000000080045ec                __exidx_start = .
 *(SORT_BY_ALIGNMENT(.ARM.exidx*) SORT_BY_ALIGNMENT(gnu.linkonce.armexidx.*))
 .ARM.exidx     0x00000000080045ec        0x8 /home/simonas/zephyrproject/zephyr-sdk-0.16.3/arm-zephyr-eabi/bin/../lib/gcc/arm-zephyr-eabi/12.2.0/thumb/v7e-m/nofp/libgcc.a(_udivmoddi4.o)
                0x00000000080045f4                __exidx_end = .
                0x00000000080045f4                __rodata_region_start = .

initlevel       0x00000000080045f4       0xa0
                0x00000000080045f4                __init_start = .
                0x00000000080045f4                __init_EARLY_start = .
 *(SORT_BY_NAME(SORT_BY_ALIGNMENT(.z_init_EARLY_P_?_*)))
 *(SORT_BY_NAME(SORT_BY_ALIGNMENT(.z_init_EARLY_P_??_*)))
 *(SORT_BY_NAME(SORT_BY_ALIGNMENT(.z_init_EARLY_P_???_*)))
                0x00000000080045f4                __init_PRE_KERNEL_1_start = .
 *(SORT_BY_NAME(SORT_BY_ALIGNMENT(.z_init_PRE_KERNEL_1_P_?_*)))
 .z_init_PRE_KERNEL_1_P_1_SUB_00009_
                0x00000000080045f4        0x8 zephyr/drivers/clock_control/libdrivers__clock_control.a(clock_stm32_ll_common.c.obj)
 .z_init_PRE_KERNEL_1_P_1_SUB_0_
                0x00000000080045fc        0x8 zephyr/libzephyr.a(soc_config.c.obj)
 *(SORT_BY_NAME(SORT_BY_ALIGNMENT(.z_init_PRE_KERNEL_1_P_??_*)))
 .z_init_PRE_KERNEL_1_P_35_SUB_00064_
                0x0000000008004604        0x8 zephyr/drivers/reset/libdrivers__reset.a(reset_stm32.c.obj)
 .z_init_PRE_KERNEL_1_P_40_SUB_00016_
                0x000000000800460c        0x8 zephyr/drivers/gpio/libdrivers__gpio.a(gpio_stm32.c.obj)
 .z_init_PRE_KERNEL_1_P_40_SUB_00054_
                0x0000000008004614        0x8 zephyr/drivers/interrupt_controller/libdrivers__interrupt_controller.a(intc_exti_stm32.c.obj)
 .z_init_PRE_KERNEL_1_P_40_SUB_00057_
                0x000000000800461c        0x8 zephyr/drivers/gpio/libdrivers__gpio.a(gpio_stm32.c.obj)
 .z_init_PRE_KERNEL_1_P_40_SUB_00078_
                0x0000000008004624        0x8 zephyr/drivers/gpio/libdrivers__gpio.a(gpio_stm32.c.obj)
 .z_init_PRE_KERNEL_1_P_40_SUB_00098_
                0x000000000800462c        0x8 zephyr/drivers/gpio/libdrivers__gpio.a(gpio_stm32.c.obj)
 .z_init_PRE_KERNEL_1_P_40_SUB_00185_
                0x0000000008004634        0x8 zephyr/drivers/gpio/libdrivers__gpio.a(gpio_stm32.c.obj)
 .z_init_PRE_KERNEL_1_P_40_SUB_00186_
                0x000000000800463c        0x8 zephyr/drivers/gpio/libdrivers__gpio.a(gpio_stm32.c.obj)
 .z_init_PRE_KERNEL_1_P_40_SUB_00187_
                0x0000000008004644        0x8 zephyr/drivers/gpio/libdrivers__gpio.a(gpio_stm32.c.obj)
 .z_init_PRE_KERNEL_1_P_40_SUB_00188_
                0x000000000800464c        0x8 zephyr/drivers/gpio/libdrivers__gpio.a(gpio_stm32.c.obj)
 .z_init_PRE_KERNEL_1_P_40_SUB_00189_
                0x0000000008004654        0x8 zephyr/drivers/gpio/libdrivers__gpio.a(gpio_stm32.c.obj)
 .z_init_PRE_KERNEL_1_P_40_SUB_00190_
                0x000000000800465c        0x8 zephyr/drivers/gpio/libdrivers__gpio.a(gpio_stm32.c.obj)
 .z_init_PRE_KERNEL_1_P_40_SUB_00191_
                0x0000000008004664        0x8 zephyr/drivers/gpio/libdrivers__gpio.a(gpio_stm32.c.obj)
 .z_init_PRE_KERNEL_1_P_50_SUB_00074_
                0x000000000800466c        0x8 zephyr/drivers/serial/libdrivers__serial.a(uart_stm32.c.obj)
 .z_init_PRE_KERNEL_1_P_50_SUB_00077_
                0x0000000008004674        0x8 zephyr/drivers/serial/libdrivers__serial.a(uart_stm32.c.obj)
 .z_init_PRE_KERNEL_1_P_60_SUB_0_
                0x000000000800467c        0x8 zephyr/drivers/console/libdrivers__console.a(uart_console.c.obj)
 *(SORT_BY_NAME(SORT_BY_ALIGNMENT(.z_init_PRE_KERNEL_1_P_???_*)))
                0x0000000008004684                __init_PRE_KERNEL_2_start = .
 *(SORT_BY_NAME(SORT_BY_ALIGNMENT(.z_init_PRE_KERNEL_2_P_?_*)))
 .z_init_PRE_KERNEL_2_P_0_SUB_0_
                0x0000000008004684        0x8 zephyr/drivers/timer/libdrivers__timer.a(cortex_m_systick.c.obj)
 *(SORT_BY_NAME(SORT_BY_ALIGNMENT(.z_init_PRE_KERNEL_2_P_??_*)))
 *(SORT_BY_NAME(SORT_BY_ALIGNMENT(.z_init_PRE_KERNEL_2_P_???_*)))
                0x000000000800468c                __init_POST_KERNEL_start = .
 *(SORT_BY_NAME(SORT_BY_ALIGNMENT(.z_init_POST_KERNEL_P_?_*)))
 *(SORT_BY_NAME(SORT_BY_ALIGNMENT(.z_init_POST_KERNEL_P_??_*)))
 .z_init_POST_KERNEL_P_35_SUB_0_
                0x000000000800468c        0x8 zephyr/lib/libc/common/liblib__libc__common.a(malloc.c.obj)
 *(SORT_BY_NAME(SORT_BY_ALIGNMENT(.z_init_POST_KERNEL_P_???_*)))
                0x0000000008004694                __init_APPLICATION_start = .
 *(SORT_BY_NAME(SORT_BY_ALIGNMENT(.z_init_APPLICATION_P_?_*)))
 *(SORT_BY_NAME(SORT_BY_ALIGNMENT(.z_init_APPLICATION_P_??_*)))
 *(SORT_BY_NAME(SORT_BY_ALIGNMENT(.z_init_APPLICATION_P_???_*)))
                0x0000000008004694                __init_SMP_start = .
 *(SORT_BY_NAME(SORT_BY_ALIGNMENT(.z_init_SMP_P_?_*)))
 *(SORT_BY_NAME(SORT_BY_ALIGNMENT(.z_init_SMP_P_??_*)))
 *(SORT_BY_NAME(SORT_BY_ALIGNMENT(.z_init_SMP_P_???_*)))
                0x0000000008004694                __init_end = .

device_area     0x0000000008004694      0x200
                0x0000000008004694                _device_list_start = .
 *(SORT_BY_NAME(SORT_BY_ALIGNMENT(._device.static.*_?_*)))
 ._device.static.1_1_
                0x0000000008004694       0x20 zephyr/drivers/clock_control/libdrivers__clock_control.a(clock_stm32_ll_common.c.obj)
                0x0000000008004694                __device_dts_ord_9
 *(SORT_BY_NAME(SORT_BY_ALIGNMENT(._device.static.*_??_*)))
 ._device.static.1_35_
                0x00000000080046b4       0x20 zephyr/drivers/reset/libdrivers__reset.a(reset_stm32.c.obj)
                0x00000000080046b4                __device_dts_ord_64
 ._device.static.1_40_
                0x00000000080046d4       0x20 zephyr/drivers/interrupt_controller/libdrivers__interrupt_controller.a(intc_exti_stm32.c.obj)
                0x00000000080046d4                __device_dts_ord_54
 ._device.static.1_40_
                0x00000000080046f4      0x160 zephyr/drivers/gpio/libdrivers__gpio.a(gpio_stm32.c.obj)
                0x00000000080046f4                __device_dts_ord_98
                0x0000000008004714                __device_dts_ord_191
                0x0000000008004734                __device_dts_ord_16
                0x0000000008004754                __device_dts_ord_190
                0x0000000008004774                __device_dts_ord_189
                0x0000000008004794                __device_dts_ord_188
                0x00000000080047b4                __device_dts_ord_187
                0x00000000080047d4                __device_dts_ord_186
                0x00000000080047f4                __device_dts_ord_57
                0x0000000008004814                __device_dts_ord_185
                0x0000000008004834                __device_dts_ord_78
 ._device.static.1_50_
                0x0000000008004854       0x40 zephyr/drivers/serial/libdrivers__serial.a(uart_stm32.c.obj)
                0x0000000008004854                __device_dts_ord_77
                0x0000000008004874                __device_dts_ord_74
 *(SORT_BY_NAME(SORT_BY_ALIGNMENT(._device.static.*_???_*)))
 *(SORT_BY_NAME(SORT_BY_ALIGNMENT(._device.static.*_????_*)))
 *(SORT_BY_NAME(SORT_BY_ALIGNMENT(._device.static.*_?????_*)))
                0x0000000008004894                _device_list_end = .

sw_isr_table    0x0000000008004894      0x310
                0x0000000008004894                . = ALIGN (0x4)
 *(SORT_BY_ALIGNMENT(.gnu.linkonce.sw_isr_table*))
 .gnu.linkonce.sw_isr_table
                0x0000000008004894      0x310 zephyr/CMakeFiles/zephyr_final.dir/isr_tables.c.obj
                0x0000000008004894                _sw_isr_table

initlevel_error
                0x00000000080045f4        0x0
 *(SORT_BY_NAME(SORT_BY_ALIGNMENT(.z_init_*)))
                0x0000000000000001                ASSERT ((SIZEOF (initlevel_error) == 0x0), Undefined initialization levels used.)

app_shmem_regions
                0x0000000008004ba4        0x0
                0x0000000008004ba4                __app_shmem_regions_start = .
 *(SORT_BY_NAME(SORT_BY_ALIGNMENT(.app_regions.*)))
                0x0000000008004ba4                __app_shmem_regions_end = .

k_p4wq_initparam_area
                0x0000000008004ba4        0x0
                0x0000000008004ba4                _k_p4wq_initparam_list_start = .
 *(SORT_BY_NAME(SORT_BY_ALIGNMENT(._k_p4wq_initparam.static.*)))
                0x0000000008004ba4                _k_p4wq_initparam_list_end = .

_static_thread_data_area
                0x0000000008004ba4        0x0
                0x0000000008004ba4                __static_thread_data_list_start = .
 *(SORT_BY_NAME(SORT_BY_ALIGNMENT(.__static_thread_data.static.*)))
                0x0000000008004ba4                __static_thread_data_list_end = .

device_deps     0x0000000008004ba4        0x0
                0x0000000008004ba4                __device_deps_start = .
 *(SORT_BY_NAME(SORT_BY_ALIGNMENT(.__device_deps_pass2*)))
                0x0000000008004ba4                __device_deps_end = .

gpio_driver_api_area
                0x0000000008004ba4       0x24
                0x0000000008004ba4                _gpio_driver_api_list_start = .
 *(SORT_BY_NAME(SORT_BY_ALIGNMENT(._gpio_driver_api.static.*)))
 ._gpio_driver_api.static.gpio_stm32_driver_
                0x0000000008004ba4       0x24 zephyr/drivers/gpio/libdrivers__gpio.a(gpio_stm32.c.obj)
                0x0000000008004bc8                _gpio_driver_api_list_end = .

reset_driver_api_area
                0x0000000008004bc8       0x10
                0x0000000008004bc8                _reset_driver_api_list_start = .
 *(SORT_BY_NAME(SORT_BY_ALIGNMENT(._reset_driver_api.static.*)))
 ._reset_driver_api.static.reset_stm32_driver_api_
                0x0000000008004bc8       0x10 zephyr/drivers/reset/libdrivers__reset.a(reset_stm32.c.obj)
                0x0000000008004bd8                _reset_driver_api_list_end = .

shared_irq_driver_api_area
                0x0000000008004bd8        0x0
                0x0000000008004bd8                _shared_irq_driver_api_list_start = .
 *(SORT_BY_NAME(SORT_BY_ALIGNMENT(._shared_irq_driver_api.static.*)))
                0x0000000008004bd8                _shared_irq_driver_api_list_end = .

crypto_driver_api_area
                0x0000000008004bd8        0x0
                0x0000000008004bd8                _crypto_driver_api_list_start = .
 *(SORT_BY_NAME(SORT_BY_ALIGNMENT(._crypto_driver_api.static.*)))
                0x0000000008004bd8                _crypto_driver_api_list_end = .

adc_driver_api_area
                0x0000000008004bd8        0x0
                0x0000000008004bd8                _adc_driver_api_list_start = .
 *(SORT_BY_NAME(SORT_BY_ALIGNMENT(._adc_driver_api.static.*)))
                0x0000000008004bd8                _adc_driver_api_list_end = .

auxdisplay_driver_api_area
                0x0000000008004bd8        0x0
                0x0000000008004bd8                _auxdisplay_driver_api_list_start = .
 *(SORT_BY_NAME(SORT_BY_ALIGNMENT(._auxdisplay_driver_api.static.*)))
                0x0000000008004bd8                _auxdisplay_driver_api_list_end = .

bbram_driver_api_area
                0x0000000008004bd8        0x0
                0x0000000008004bd8                _bbram_driver_api_list_start = .
 *(SORT_BY_NAME(SORT_BY_ALIGNMENT(._bbram_driver_api.static.*)))
                0x0000000008004bd8                _bbram_driver_api_list_end = .

bt_hci_driver_api_area
                0x0000000008004bd8        0x0
                0x0000000008004bd8                _bt_hci_driver_api_list_start = .
 *(SORT_BY_NAME(SORT_BY_ALIGNMENT(._bt_hci_driver_api.static.*)))
                0x0000000008004bd8                _bt_hci_driver_api_list_end = .

can_driver_api_area
                0x0000000008004bd8        0x0
                0x0000000008004bd8                _can_driver_api_list_start = .
 *(SORT_BY_NAME(SORT_BY_ALIGNMENT(._can_driver_api.static.*)))
                0x0000000008004bd8                _can_driver_api_list_end = .

cellular_driver_api_area
                0x0000000008004bd8        0x0
                0x0000000008004bd8                _cellular_driver_api_list_start = .
 *(SORT_BY_NAME(SORT_BY_ALIGNMENT(._cellular_driver_api.static.*)))
                0x0000000008004bd8                _cellular_driver_api_list_end = .

charger_driver_api_area
                0x0000000008004bd8        0x0
                0x0000000008004bd8                _charger_driver_api_list_start = .
 *(SORT_BY_NAME(SORT_BY_ALIGNMENT(._charger_driver_api.static.*)))
                0x0000000008004bd8                _charger_driver_api_list_end = .

clock_control_driver_api_area
                0x0000000008004bd8       0x1c
                0x0000000008004bd8                _clock_control_driver_api_list_start = .
 *(SORT_BY_NAME(SORT_BY_ALIGNMENT(._clock_control_driver_api.static.*)))
 ._clock_control_driver_api.static.stm32_clock_control_api_
                0x0000000008004bd8       0x1c zephyr/drivers/clock_control/libdrivers__clock_control.a(clock_stm32_ll_common.c.obj)
                0x0000000008004bf4                _clock_control_driver_api_list_end = .

comparator_driver_api_area
                0x0000000008004bf4        0x0
                0x0000000008004bf4                _comparator_driver_api_list_start = .
 *(SORT_BY_NAME(SORT_BY_ALIGNMENT(._comparator_driver_api.static.*)))
                0x0000000008004bf4                _comparator_driver_api_list_end = .

coredump_driver_api_area
                0x0000000008004bf4        0x0
                0x0000000008004bf4                _coredump_driver_api_list_start = .
 *(SORT_BY_NAME(SORT_BY_ALIGNMENT(._coredump_driver_api.static.*)))
                0x0000000008004bf4                _coredump_driver_api_list_end = .

counter_driver_api_area
                0x0000000008004bf4        0x0
                0x0000000008004bf4                _counter_driver_api_list_start = .
 *(SORT_BY_NAME(SORT_BY_ALIGNMENT(._counter_driver_api.static.*)))
                0x0000000008004bf4                _counter_driver_api_list_end = .

dac_driver_api_area
                0x0000000008004bf4        0x0
                0x0000000008004bf4                _dac_driver_api_list_start = .
 *(SORT_BY_NAME(SORT_BY_ALIGNMENT(._dac_driver_api.static.*)))
                0x0000000008004bf4                _dac_driver_api_list_end = .

dai_driver_api_area
                0x0000000008004bf4        0x0
                0x0000000008004bf4                _dai_driver_api_list_start = .
 *(SORT_BY_NAME(SORT_BY_ALIGNMENT(._dai_driver_api.static.*)))
                0x0000000008004bf4                _dai_driver_api_list_end = .

display_driver_api_area
                0x0000000008004bf4        0x0
                0x0000000008004bf4                _display_driver_api_list_start = .
 *(SORT_BY_NAME(SORT_BY_ALIGNMENT(._display_driver_api.static.*)))
                0x0000000008004bf4                _display_driver_api_list_end = .

dma_driver_api_area
                0x0000000008004bf4        0x0
                0x0000000008004bf4                _dma_driver_api_list_start = .
 *(SORT_BY_NAME(SORT_BY_ALIGNMENT(._dma_driver_api.static.*)))
                0x0000000008004bf4                _dma_driver_api_list_end = .

edac_driver_api_area
                0x0000000008004bf4        0x0
                0x0000000008004bf4                _edac_driver_api_list_start = .
 *(SORT_BY_NAME(SORT_BY_ALIGNMENT(._edac_driver_api.static.*)))
                0x0000000008004bf4                _edac_driver_api_list_end = .

eeprom_driver_api_area
                0x0000000008004bf4        0x0
                0x0000000008004bf4                _eeprom_driver_api_list_start = .
 *(SORT_BY_NAME(SORT_BY_ALIGNMENT(._eeprom_driver_api.static.*)))
                0x0000000008004bf4                _eeprom_driver_api_list_end = .

emul_bbram_driver_api_area
                0x0000000008004bf4        0x0
                0x0000000008004bf4                _emul_bbram_driver_api_list_start = .
 *(SORT_BY_NAME(SORT_BY_ALIGNMENT(._emul_bbram_driver_api.static.*)))
                0x0000000008004bf4                _emul_bbram_driver_api_list_end = .

fuel_gauge_emul_driver_api_area
                0x0000000008004bf4        0x0
                0x0000000008004bf4                _fuel_gauge_emul_driver_api_list_start = .
 *(SORT_BY_NAME(SORT_BY_ALIGNMENT(._fuel_gauge_emul_driver_api.static.*)))
                0x0000000008004bf4                _fuel_gauge_emul_driver_api_list_end = .

emul_sensor_driver_api_area
                0x0000000008004bf4        0x0
                0x0000000008004bf4                _emul_sensor_driver_api_list_start = .
 *(SORT_BY_NAME(SORT_BY_ALIGNMENT(._emul_sensor_driver_api.static.*)))
                0x0000000008004bf4                _emul_sensor_driver_api_list_end = .

entropy_driver_api_area
                0x0000000008004bf4        0x0
                0x0000000008004bf4                _entropy_driver_api_list_start = .
 *(SORT_BY_NAME(SORT_BY_ALIGNMENT(._entropy_driver_api.static.*)))
                0x0000000008004bf4                _entropy_driver_api_list_end = .

espi_driver_api_area
                0x0000000008004bf4        0x0
                0x0000000008004bf4                _espi_driver_api_list_start = .
 *(SORT_BY_NAME(SORT_BY_ALIGNMENT(._espi_driver_api.static.*)))
                0x0000000008004bf4                _espi_driver_api_list_end = .

espi_saf_driver_api_area
                0x0000000008004bf4        0x0
                0x0000000008004bf4                _espi_saf_driver_api_list_start = .
 *(SORT_BY_NAME(SORT_BY_ALIGNMENT(._espi_saf_driver_api.static.*)))
                0x0000000008004bf4                _espi_saf_driver_api_list_end = .

flash_driver_api_area
                0x0000000008004bf4        0x0
                0x0000000008004bf4                _flash_driver_api_list_start = .
 *(SORT_BY_NAME(SORT_BY_ALIGNMENT(._flash_driver_api.static.*)))
                0x0000000008004bf4                _flash_driver_api_list_end = .

fpga_driver_api_area
                0x0000000008004bf4        0x0
                0x0000000008004bf4                _fpga_driver_api_list_start = .
 *(SORT_BY_NAME(SORT_BY_ALIGNMENT(._fpga_driver_api.static.*)))
                0x0000000008004bf4                _fpga_driver_api_list_end = .

fuel_gauge_driver_api_area
                0x0000000008004bf4        0x0
                0x0000000008004bf4                _fuel_gauge_driver_api_list_start = .
 *(SORT_BY_NAME(SORT_BY_ALIGNMENT(._fuel_gauge_driver_api.static.*)))
                0x0000000008004bf4                _fuel_gauge_driver_api_list_end = .

gnss_driver_api_area
                0x0000000008004bf4        0x0
                0x0000000008004bf4                _gnss_driver_api_list_start = .
 *(SORT_BY_NAME(SORT_BY_ALIGNMENT(._gnss_driver_api.static.*)))
                0x0000000008004bf4                _gnss_driver_api_list_end = .

haptics_driver_api_area
                0x0000000008004bf4        0x0
                0x0000000008004bf4                _haptics_driver_api_list_start = .
 *(SORT_BY_NAME(SORT_BY_ALIGNMENT(._haptics_driver_api.static.*)))
                0x0000000008004bf4                _haptics_driver_api_list_end = .

hwspinlock_driver_api_area
                0x0000000008004bf4        0x0
                0x0000000008004bf4                _hwspinlock_driver_api_list_start = .
 *(SORT_BY_NAME(SORT_BY_ALIGNMENT(._hwspinlock_driver_api.static.*)))
                0x0000000008004bf4                _hwspinlock_driver_api_list_end = .

i2c_driver_api_area
                0x0000000008004bf4        0x0
                0x0000000008004bf4                _i2c_driver_api_list_start = .
 *(SORT_BY_NAME(SORT_BY_ALIGNMENT(._i2c_driver_api.static.*)))
                0x0000000008004bf4                _i2c_driver_api_list_end = .

i2c_target_driver_api_area
                0x0000000008004bf4        0x0
                0x0000000008004bf4                _i2c_target_driver_api_list_start = .
 *(SORT_BY_NAME(SORT_BY_ALIGNMENT(._i2c_target_driver_api.static.*)))
                0x0000000008004bf4                _i2c_target_driver_api_list_end = .

i2s_driver_api_area
                0x0000000008004bf4        0x0
                0x0000000008004bf4                _i2s_driver_api_list_start = .
 *(SORT_BY_NAME(SORT_BY_ALIGNMENT(._i2s_driver_api.static.*)))
                0x0000000008004bf4                _i2s_driver_api_list_end = .

i3c_driver_api_area
                0x0000000008004bf4        0x0
                0x0000000008004bf4                _i3c_driver_api_list_start = .
 *(SORT_BY_NAME(SORT_BY_ALIGNMENT(._i3c_driver_api.static.*)))
                0x0000000008004bf4                _i3c_driver_api_list_end = .

ipm_driver_api_area
                0x0000000008004bf4        0x0
                0x0000000008004bf4                _ipm_driver_api_list_start = .
 *(SORT_BY_NAME(SORT_BY_ALIGNMENT(._ipm_driver_api.static.*)))
                0x0000000008004bf4                _ipm_driver_api_list_end = .

led_driver_api_area
                0x0000000008004bf4        0x0
                0x0000000008004bf4                _led_driver_api_list_start = .
 *(SORT_BY_NAME(SORT_BY_ALIGNMENT(._led_driver_api.static.*)))
                0x0000000008004bf4                _led_driver_api_list_end = .

led_strip_driver_api_area
                0x0000000008004bf4        0x0
                0x0000000008004bf4                _led_strip_driver_api_list_start = .
 *(SORT_BY_NAME(SORT_BY_ALIGNMENT(._led_strip_driver_api.static.*)))
                0x0000000008004bf4                _led_strip_driver_api_list_end = .

lora_driver_api_area
                0x0000000008004bf4        0x0
                0x0000000008004bf4                _lora_driver_api_list_start = .
 *(SORT_BY_NAME(SORT_BY_ALIGNMENT(._lora_driver_api.static.*)))
                0x0000000008004bf4                _lora_driver_api_list_end = .

mbox_driver_api_area
                0x0000000008004bf4        0x0
                0x0000000008004bf4                _mbox_driver_api_list_start = .
 *(SORT_BY_NAME(SORT_BY_ALIGNMENT(._mbox_driver_api.static.*)))
                0x0000000008004bf4                _mbox_driver_api_list_end = .

mdio_driver_api_area
                0x0000000008004bf4        0x0
                0x0000000008004bf4                _mdio_driver_api_list_start = .
 *(SORT_BY_NAME(SORT_BY_ALIGNMENT(._mdio_driver_api.static.*)))
                0x0000000008004bf4                _mdio_driver_api_list_end = .

mipi_dbi_driver_api_area
                0x0000000008004bf4        0x0
                0x0000000008004bf4                _mipi_dbi_driver_api_list_start = .
 *(SORT_BY_NAME(SORT_BY_ALIGNMENT(._mipi_dbi_driver_api.static.*)))
                0x0000000008004bf4                _mipi_dbi_driver_api_list_end = .

mipi_dsi_driver_api_area
                0x0000000008004bf4        0x0
                0x0000000008004bf4                _mipi_dsi_driver_api_list_start = .
 *(SORT_BY_NAME(SORT_BY_ALIGNMENT(._mipi_dsi_driver_api.static.*)))
                0x0000000008004bf4                _mipi_dsi_driver_api_list_end = .

mspi_driver_api_area
                0x0000000008004bf4        0x0
                0x0000000008004bf4                _mspi_driver_api_list_start = .
 *(SORT_BY_NAME(SORT_BY_ALIGNMENT(._mspi_driver_api.static.*)))
                0x0000000008004bf4                _mspi_driver_api_list_end = .

peci_driver_api_area
                0x0000000008004bf4        0x0
                0x0000000008004bf4                _peci_driver_api_list_start = .
 *(SORT_BY_NAME(SORT_BY_ALIGNMENT(._peci_driver_api.static.*)))
                0x0000000008004bf4                _peci_driver_api_list_end = .

ps2_driver_api_area
                0x0000000008004bf4        0x0
                0x0000000008004bf4                _ps2_driver_api_list_start = .
 *(SORT_BY_NAME(SORT_BY_ALIGNMENT(._ps2_driver_api.static.*)))
                0x0000000008004bf4                _ps2_driver_api_list_end = .

ptp_clock_driver_api_area
                0x0000000008004bf4        0x0
                0x0000000008004bf4                _ptp_clock_driver_api_list_start = .
 *(SORT_BY_NAME(SORT_BY_ALIGNMENT(._ptp_clock_driver_api.static.*)))
                0x0000000008004bf4                _ptp_clock_driver_api_list_end = .

pwm_driver_api_area
                0x0000000008004bf4        0x0
                0x0000000008004bf4                _pwm_driver_api_list_start = .
 *(SORT_BY_NAME(SORT_BY_ALIGNMENT(._pwm_driver_api.static.*)))
                0x0000000008004bf4                _pwm_driver_api_list_end = .

regulator_parent_driver_api_area
                0x0000000008004bf4        0x0
                0x0000000008004bf4                _regulator_parent_driver_api_list_start = .
 *(SORT_BY_NAME(SORT_BY_ALIGNMENT(._regulator_parent_driver_api.static.*)))
                0x0000000008004bf4                _regulator_parent_driver_api_list_end = .

regulator_driver_api_area
                0x0000000008004bf4        0x0
                0x0000000008004bf4                _regulator_driver_api_list_start = .
 *(SORT_BY_NAME(SORT_BY_ALIGNMENT(._regulator_driver_api.static.*)))
                0x0000000008004bf4                _regulator_driver_api_list_end = .

retained_mem_driver_api_area
                0x0000000008004bf4        0x0
                0x0000000008004bf4                _retained_mem_driver_api_list_start = .
 *(SORT_BY_NAME(SORT_BY_ALIGNMENT(._retained_mem_driver_api.static.*)))
                0x0000000008004bf4                _retained_mem_driver_api_list_end = .

rtc_driver_api_area
                0x0000000008004bf4        0x0
                0x0000000008004bf4                _rtc_driver_api_list_start = .
 *(SORT_BY_NAME(SORT_BY_ALIGNMENT(._rtc_driver_api.static.*)))
                0x0000000008004bf4                _rtc_driver_api_list_end = .

sdhc_driver_api_area
                0x0000000008004bf4        0x0
                0x0000000008004bf4                _sdhc_driver_api_list_start = .
 *(SORT_BY_NAME(SORT_BY_ALIGNMENT(._sdhc_driver_api.static.*)))
                0x0000000008004bf4                _sdhc_driver_api_list_end = .

sensor_driver_api_area
                0x0000000008004bf4        0x0
                0x0000000008004bf4                _sensor_driver_api_list_start = .
 *(SORT_BY_NAME(SORT_BY_ALIGNMENT(._sensor_driver_api.static.*)))
                0x0000000008004bf4                _sensor_driver_api_list_end = .

smbus_driver_api_area
                0x0000000008004bf4        0x0
                0x0000000008004bf4                _smbus_driver_api_list_start = .
 *(SORT_BY_NAME(SORT_BY_ALIGNMENT(._smbus_driver_api.static.*)))
                0x0000000008004bf4                _smbus_driver_api_list_end = .

spi_driver_api_area
                0x0000000008004bf4        0x0
                0x0000000008004bf4                _spi_driver_api_list_start = .
 *(SORT_BY_NAME(SORT_BY_ALIGNMENT(._spi_driver_api.static.*)))
                0x0000000008004bf4                _spi_driver_api_list_end = .

stepper_driver_api_area
                0x0000000008004bf4        0x0
                0x0000000008004bf4                _stepper_driver_api_list_start = .
 *(SORT_BY_NAME(SORT_BY_ALIGNMENT(._stepper_driver_api.static.*)))
                0x0000000008004bf4                _stepper_driver_api_list_end = .

syscon_driver_api_area
                0x0000000008004bf4        0x0
                0x0000000008004bf4                _syscon_driver_api_list_start = .
 *(SORT_BY_NAME(SORT_BY_ALIGNMENT(._syscon_driver_api.static.*)))
                0x0000000008004bf4                _syscon_driver_api_list_end = .

tee_driver_api_area
                0x0000000008004bf4        0x0
                0x0000000008004bf4                _tee_driver_api_list_start = .
 *(SORT_BY_NAME(SORT_BY_ALIGNMENT(._tee_driver_api.static.*)))
                0x0000000008004bf4                _tee_driver_api_list_end = .

video_driver_api_area
                0x0000000008004bf4        0x0
                0x0000000008004bf4                _video_driver_api_list_start = .
 *(SORT_BY_NAME(SORT_BY_ALIGNMENT(._video_driver_api.static.*)))
                0x0000000008004bf4                _video_driver_api_list_end = .

w1_driver_api_area
                0x0000000008004bf4        0x0
                0x0000000008004bf4                _w1_driver_api_list_start = .
 *(SORT_BY_NAME(SORT_BY_ALIGNMENT(._w1_driver_api.static.*)))
                0x0000000008004bf4                _w1_driver_api_list_end = .

wdt_driver_api_area
                0x0000000008004bf4        0x0
                0x0000000008004bf4                _wdt_driver_api_list_start = .
 *(SORT_BY_NAME(SORT_BY_ALIGNMENT(._wdt_driver_api.static.*)))
                0x0000000008004bf4                _wdt_driver_api_list_end = .

can_transceiver_driver_api_area
                0x0000000008004bf4        0x0
                0x0000000008004bf4                _can_transceiver_driver_api_list_start = .
 *(SORT_BY_NAME(SORT_BY_ALIGNMENT(._can_transceiver_driver_api.static.*)))
                0x0000000008004bf4                _can_transceiver_driver_api_list_end = .

nrf_clock_control_driver_api_area
                0x0000000008004bf4        0x0
                0x0000000008004bf4                _nrf_clock_control_driver_api_list_start = .
 *(SORT_BY_NAME(SORT_BY_ALIGNMENT(._nrf_clock_control_driver_api.static.*)))
                0x0000000008004bf4                _nrf_clock_control_driver_api_list_end = .

i3c_target_driver_api_area
                0x0000000008004bf4        0x0
                0x0000000008004bf4                _i3c_target_driver_api_list_start = .
 *(SORT_BY_NAME(SORT_BY_ALIGNMENT(._i3c_target_driver_api.static.*)))
                0x0000000008004bf4                _i3c_target_driver_api_list_end = .

its_driver_api_area
                0x0000000008004bf4        0x0
                0x0000000008004bf4                _its_driver_api_list_start = .
 *(SORT_BY_NAME(SORT_BY_ALIGNMENT(._its_driver_api.static.*)))
                0x0000000008004bf4                _its_driver_api_list_end = .

vtd_driver_api_area
                0x0000000008004bf4        0x0
                0x0000000008004bf4                _vtd_driver_api_list_start = .
 *(SORT_BY_NAME(SORT_BY_ALIGNMENT(._vtd_driver_api.static.*)))
                0x0000000008004bf4                _vtd_driver_api_list_end = .

tgpio_driver_api_area
                0x0000000008004bf4        0x0
                0x0000000008004bf4                _tgpio_driver_api_list_start = .
 *(SORT_BY_NAME(SORT_BY_ALIGNMENT(._tgpio_driver_api.static.*)))
                0x0000000008004bf4                _tgpio_driver_api_list_end = .

pcie_ctrl_driver_api_area
                0x0000000008004bf4        0x0
                0x0000000008004bf4                _pcie_ctrl_driver_api_list_start = .
 *(SORT_BY_NAME(SORT_BY_ALIGNMENT(._pcie_ctrl_driver_api.static.*)))
                0x0000000008004bf4                _pcie_ctrl_driver_api_list_end = .

pcie_ep_driver_api_area
                0x0000000008004bf4        0x0
                0x0000000008004bf4                _pcie_ep_driver_api_list_start = .
 *(SORT_BY_NAME(SORT_BY_ALIGNMENT(._pcie_ep_driver_api.static.*)))
                0x0000000008004bf4                _pcie_ep_driver_api_list_end = .

svc_driver_api_area
                0x0000000008004bf4        0x0
                0x0000000008004bf4                _svc_driver_api_list_start = .
 *(SORT_BY_NAME(SORT_BY_ALIGNMENT(._svc_driver_api.static.*)))
                0x0000000008004bf4                _svc_driver_api_list_end = .

uart_driver_api_area
                0x0000000008004bf4       0x14
                0x0000000008004bf4                _uart_driver_api_list_start = .
 *(SORT_BY_NAME(SORT_BY_ALIGNMENT(._uart_driver_api.static.*)))
 ._uart_driver_api.static.uart_stm32_driver_api_
                0x0000000008004bf4       0x14 zephyr/drivers/serial/libdrivers__serial.a(uart_stm32.c.obj)
                0x0000000008004c08                _uart_driver_api_list_end = .

bc12_emul_driver_api_area
                0x0000000008004c08        0x0
                0x0000000008004c08                _bc12_emul_driver_api_list_start = .
 *(SORT_BY_NAME(SORT_BY_ALIGNMENT(._bc12_emul_driver_api.static.*)))
                0x0000000008004c08                _bc12_emul_driver_api_list_end = .

bc12_driver_api_area
                0x0000000008004c08        0x0
                0x0000000008004c08                _bc12_driver_api_list_start = .
 *(SORT_BY_NAME(SORT_BY_ALIGNMENT(._bc12_driver_api.static.*)))
                0x0000000008004c08                _bc12_driver_api_list_end = .

usbc_ppc_driver_api_area
                0x0000000008004c08        0x0
                0x0000000008004c08                _usbc_ppc_driver_api_list_start = .
 *(SORT_BY_NAME(SORT_BY_ALIGNMENT(._usbc_ppc_driver_api.static.*)))
                0x0000000008004c08                _usbc_ppc_driver_api_list_end = .

tcpc_driver_api_area
                0x0000000008004c08        0x0
                0x0000000008004c08                _tcpc_driver_api_list_start = .
 *(SORT_BY_NAME(SORT_BY_ALIGNMENT(._tcpc_driver_api.static.*)))
                0x0000000008004c08                _tcpc_driver_api_list_end = .

usbc_vbus_driver_api_area
                0x0000000008004c08        0x0
                0x0000000008004c08                _usbc_vbus_driver_api_list_start = .
 *(SORT_BY_NAME(SORT_BY_ALIGNMENT(._usbc_vbus_driver_api.static.*)))
                0x0000000008004c08                _usbc_vbus_driver_api_list_end = .

ivshmem_driver_api_area
                0x0000000008004c08        0x0
                0x0000000008004c08                _ivshmem_driver_api_list_start = .
 *(SORT_BY_NAME(SORT_BY_ALIGNMENT(._ivshmem_driver_api.static.*)))
                0x0000000008004c08                _ivshmem_driver_api_list_end = .

ethphy_driver_api_area
                0x0000000008004c08        0x0
                0x0000000008004c08                _ethphy_driver_api_list_start = .
 *(SORT_BY_NAME(SORT_BY_ALIGNMENT(._ethphy_driver_api.static.*)))
                0x0000000008004c08                _ethphy_driver_api_list_end = .

ztest           0x0000000008004c08        0x0
                0x0000000008004c08                _ztest_expected_result_entry_list_start = .
 *(SORT_BY_NAME(SORT_BY_ALIGNMENT(._ztest_expected_result_entry.static.*)))
                0x0000000008004c08                _ztest_expected_result_entry_list_end = .
                0x0000000008004c08                _ztest_suite_node_list_start = .
 *(SORT_BY_NAME(SORT_BY_ALIGNMENT(._ztest_suite_node.static.*)))
                0x0000000008004c08                _ztest_suite_node_list_end = .
                0x0000000008004c08                _ztest_unit_test_list_start = .
 *(SORT_BY_NAME(SORT_BY_ALIGNMENT(._ztest_unit_test.static.*)))
                0x0000000008004c08                _ztest_unit_test_list_end = .
                0x0000000008004c08                _ztest_test_rule_list_start = .
 *(SORT_BY_NAME(SORT_BY_ALIGNMENT(._ztest_test_rule.static.*)))
                0x0000000008004c08                _ztest_test_rule_list_end = .

init_array      0x0000000008004c08        0x0
                0x0000000008004c08                __zephyr_init_array_start = .
 *(SORT_BY_INIT_PRIORITY(.init_array.*) SORT_BY_INIT_PRIORITY(.ctors.*))
 *(SORT_BY_ALIGNMENT(.init_array) SORT_BY_ALIGNMENT(.ctors))
                0x0000000008004c08                __zephyr_init_array_end = .
                0x0000000000000001                ASSERT ((__zephyr_init_array_start == __zephyr_init_array_end), GNU-style constructors required but STATIC_INIT_GNU not enabled)

bt_l2cap_fixed_chan_area
                0x0000000008004c08        0x0
                0x0000000008004c08                _bt_l2cap_fixed_chan_list_start = .
 *(SORT_BY_NAME(SORT_BY_ALIGNMENT(._bt_l2cap_fixed_chan.static.*)))
                0x0000000008004c08                _bt_l2cap_fixed_chan_list_end = .

bt_gatt_service_static_area
                0x0000000008004c08        0x0
                0x0000000008004c08                _bt_gatt_service_static_list_start = .
 *(SORT_BY_NAME(SORT_BY_ALIGNMENT(._bt_gatt_service_static.static.*)))
                0x0000000008004c08                _bt_gatt_service_static_list_end = .

log_strings_area
                0x0000000008004c08        0x0
                0x0000000008004c08                _log_strings_list_start = .
 *(SORT_BY_NAME(SORT_BY_ALIGNMENT(._log_strings.static.*)))
                0x0000000008004c08                _log_strings_list_end = .

log_stmesp_ptr_area
                0x0000000008004c08        0x0
                0x0000000008004c08                _log_stmesp_ptr_list_start = .
 *(SORT_BY_NAME(SORT_BY_ALIGNMENT(._log_stmesp_ptr.static.*)))
                0x0000000008004c08                _log_stmesp_ptr_list_end = .

log_stmesp_str_area
                0x0000000008004c08        0x0
                0x0000000008004c08                _log_stmesp_str_list_start = .
 *(SORT_BY_NAME(SORT_BY_ALIGNMENT(._log_stmesp_str.static.*)))
                0x0000000008004c08                _log_stmesp_str_list_end = .

log_const_area  0x0000000008004c08        0x0
                0x0000000008004c08                _log_const_list_start = .
 *(SORT_BY_NAME(SORT_BY_ALIGNMENT(._log_const.static.*)))
                0x0000000008004c08                _log_const_list_end = .

log_backend_area
                0x0000000008004c08        0x0
                0x0000000008004c08                _log_backend_list_start = .
 *(SORT_BY_NAME(SORT_BY_ALIGNMENT(._log_backend.static.*)))
                0x0000000008004c08                _log_backend_list_end = .

log_link_area   0x0000000008004c08        0x0
                0x0000000008004c08                _log_link_list_start = .
 *(SORT_BY_NAME(SORT_BY_ALIGNMENT(._log_link.static.*)))
                0x0000000008004c08                _log_link_list_end = .

tracing_backend_area
                0x0000000008004c08        0x0
                0x0000000008004c08                _tracing_backend_list_start = .
 *(SORT_BY_NAME(SORT_BY_ALIGNMENT(._tracing_backend.static.*)))
                0x0000000008004c08                _tracing_backend_list_end = .

zephyr_dbg_info
 *(SORT_BY_ALIGNMENT(.dbg_thread_info))

intc_table_area
                0x0000000008004c08        0x0
                0x0000000008004c08                _intc_table_list_start = .
 *(SORT_BY_NAME(SORT_BY_ALIGNMENT(._intc_table.static.*)))
                0x0000000008004c08                _intc_table_list_end = .

symbol_to_keep  0x0000000008004c08        0x0
                0x0000000008004c08                __symbol_to_keep_start = .
 *(SORT_BY_NAME(SORT_BY_ALIGNMENT(.symbol_to_keep*)))
                0x0000000008004c08                __symbol_to_keep_end = .

shell_area      0x0000000008004c08        0x0
                0x0000000008004c08                _shell_list_start = .
 *(SORT_BY_NAME(SORT_BY_ALIGNMENT(._shell.static.*)))
                0x0000000008004c08                _shell_list_end = .

shell_root_cmds_area
                0x0000000008004c08        0x0
                0x0000000008004c08                _shell_root_cmds_list_start = .
 *(SORT_BY_NAME(SORT_BY_ALIGNMENT(._shell_root_cmds.static.*)))
                0x0000000008004c08                _shell_root_cmds_list_end = .

shell_subcmds_area
                0x0000000008004c08        0x0
                0x0000000008004c08                _shell_subcmds_list_start = .
 *(SORT_BY_NAME(SORT_BY_ALIGNMENT(._shell_subcmds.static.*)))
                0x0000000008004c08                _shell_subcmds_list_end = .

shell_dynamic_subcmds_area
                0x0000000008004c08        0x0
                0x0000000008004c08                _shell_dynamic_subcmds_list_start = .
 *(SORT_BY_NAME(SORT_BY_ALIGNMENT(._shell_dynamic_subcmds.static.*)))
                0x0000000008004c08                _shell_dynamic_subcmds_list_end = .

cfb_font_area   0x0000000008004c08        0x0
                0x0000000008004c08                _cfb_font_list_start = .
 *(SORT_BY_NAME(SORT_BY_ALIGNMENT(._cfb_font.static.*)))
                0x0000000008004c08                _cfb_font_list_end = .

tdata           0x0000000008004c08        0x0
 *(SORT_BY_ALIGNMENT(.tdata) SORT_BY_ALIGNMENT(.tdata.*) SORT_BY_ALIGNMENT(.gnu.linkonce.td.*))

tbss            0x0000000008004c08        0x4
 *(SORT_BY_ALIGNMENT(.tbss) SORT_BY_ALIGNMENT(.tbss.*) SORT_BY_ALIGNMENT(.gnu.linkonce.tb.*) SORT_BY_ALIGNMENT(.tcommon))
 .tbss.z_tls_current
                0x0000000008004c08        0x4 zephyr/libzephyr.a(thread_entry.c.obj)
                0x0000000008004c08                z_tls_current
                0x0000000008004c08                PROVIDE (__tdata_start = LOADADDR (tdata))
                0x0000000000000001                PROVIDE (__tdata_align = ALIGNOF (tdata))
                0x0000000000000000                PROVIDE (__tdata_size = (((SIZEOF (tdata) + __tdata_align) - 0x1) & ~ ((__tdata_align - 0x1))))
                [!provide]                        PROVIDE (__tdata_end = (__tdata_start + __tdata_size))
                0x0000000000000004                PROVIDE (__tbss_align = ALIGNOF (tbss))
                [!provide]                        PROVIDE (__tbss_start = ADDR (tbss))
                0x0000000000000004                PROVIDE (__tbss_size = (((SIZEOF (tbss) + __tbss_align) - 0x1) & ~ ((__tbss_align - 0x1))))
                [!provide]                        PROVIDE (__tbss_end = (__tbss_start + __tbss_size))
                [!provide]                        PROVIDE (__tls_start = __tdata_start)
                [!provide]                        PROVIDE (__tls_end = __tbss_end)
                [!provide]                        PROVIDE (__tls_size = (__tbss_end - __tdata_start))

rodata          0x0000000008004c08      0x738
 *(SORT_BY_ALIGNMENT(.rodata))
 *(SORT_BY_ALIGNMENT(.rodata.*))
 .rodata.DOUBLE_POW5_TABLE
                0x0000000008004c08       0xd0 /home/simonas/zephyrproject/zephyr-sdk-0.16.3/arm-zephyr-eabi/bin/../lib/gcc/../../picolibc/arm-zephyr-eabi/lib/thumb/v7e-m/nofp/libc.a(libc_tinystdio_ryu_table.c.o)
 .rodata.DOUBLE_POW5_SPLIT2
                0x0000000008004cd8       0xd0 /home/simonas/zephyrproject/zephyr-sdk-0.16.3/arm-zephyr-eabi/bin/../lib/gcc/../../picolibc/arm-zephyr-eabi/lib/thumb/v7e-m/nofp/libc.a(libc_tinystdio_ryu_table.c.o)
 .rodata.DOUBLE_POW5_INV_SPLIT2
                0x0000000008004da8       0xf0 /home/simonas/zephyrproject/zephyr-sdk-0.16.3/arm-zephyr-eabi/bin/../lib/gcc/../../picolibc/arm-zephyr-eabi/lib/thumb/v7e-m/nofp/libc.a(libc_tinystdio_ryu_table.c.o)
 .rodata.mem_attr_region
                0x0000000008004e98       0x30 zephyr/libzephyr.a(mem_attr.c.obj)
 .rodata.static_regions
                0x0000000008004ec8        0xc zephyr/arch/arch/arm/core/mpu/libarch__arm__core__mpu.a(arm_core_mpu.c.obj)
 .rodata.mpu_config
                0x0000000008004ed4        0x8 zephyr/arch/arch/arm/core/mpu/libarch__arm__core__mpu.a(arm_mpu_regions.c.obj)
                0x0000000008004ed4                mpu_config
 .rodata.mpu_regions
                0x0000000008004edc       0x18 zephyr/arch/arch/arm/core/mpu/libarch__arm__core__mpu.a(arm_mpu_regions.c.obj)
 .rodata.gpio_stm32_cfg_k
                0x0000000008004ef4       0x14 zephyr/drivers/gpio/libdrivers__gpio.a(gpio_stm32.c.obj)
 .rodata.gpio_stm32_cfg_j
                0x0000000008004f08       0x14 zephyr/drivers/gpio/libdrivers__gpio.a(gpio_stm32.c.obj)
 .rodata.gpio_stm32_cfg_i
                0x0000000008004f1c       0x14 zephyr/drivers/gpio/libdrivers__gpio.a(gpio_stm32.c.obj)
 .rodata.gpio_stm32_cfg_h
                0x0000000008004f30       0x14 zephyr/drivers/gpio/libdrivers__gpio.a(gpio_stm32.c.obj)
 .rodata.gpio_stm32_cfg_g
                0x0000000008004f44       0x14 zephyr/drivers/gpio/libdrivers__gpio.a(gpio_stm32.c.obj)
 .rodata.gpio_stm32_cfg_f
                0x0000000008004f58       0x14 zephyr/drivers/gpio/libdrivers__gpio.a(gpio_stm32.c.obj)
 .rodata.gpio_stm32_cfg_e
                0x0000000008004f6c       0x14 zephyr/drivers/gpio/libdrivers__gpio.a(gpio_stm32.c.obj)
 .rodata.gpio_stm32_cfg_d
                0x0000000008004f80       0x14 zephyr/drivers/gpio/libdrivers__gpio.a(gpio_stm32.c.obj)
 .rodata.gpio_stm32_cfg_c
                0x0000000008004f94       0x14 zephyr/drivers/gpio/libdrivers__gpio.a(gpio_stm32.c.obj)
 .rodata.gpio_stm32_cfg_b
                0x0000000008004fa8       0x14 zephyr/drivers/gpio/libdrivers__gpio.a(gpio_stm32.c.obj)
 .rodata.gpio_stm32_cfg_a
                0x0000000008004fbc       0x14 zephyr/drivers/gpio/libdrivers__gpio.a(gpio_stm32.c.obj)
 .rodata.gpio_ports
                0x0000000008004fd0       0x44 zephyr/drivers/pinctrl/libdrivers__pinctrl.a(pinctrl_stm32.c.obj)
 .rodata.reset_stm32_config
                0x0000000008005014        0x4 zephyr/drivers/reset/libdrivers__reset.a(reset_stm32.c.obj)
 .rodata.uart_stm32_cfg_1
                0x0000000008005018       0x24 zephyr/drivers/serial/libdrivers__serial.a(uart_stm32.c.obj)
 .rodata.pclken_1
                0x000000000800503c        0x8 zephyr/drivers/serial/libdrivers__serial.a(uart_stm32.c.obj)
 .rodata.__pinctrl_dev_config__device_dts_ord_77
                0x0000000008005044        0x8 zephyr/drivers/serial/libdrivers__serial.a(uart_stm32.c.obj)
 .rodata.__pinctrl_states__device_dts_ord_77
                0x000000000800504c        0x8 zephyr/drivers/serial/libdrivers__serial.a(uart_stm32.c.obj)
 .rodata.__pinctrl_state_pins_0__device_dts_ord_77
                0x0000000008005054       0x10 zephyr/drivers/serial/libdrivers__serial.a(uart_stm32.c.obj)
 .rodata.uart_stm32_cfg_0
                0x0000000008005064       0x24 zephyr/drivers/serial/libdrivers__serial.a(uart_stm32.c.obj)
 .rodata.pclken_0
                0x0000000008005088        0x8 zephyr/drivers/serial/libdrivers__serial.a(uart_stm32.c.obj)
 .rodata.__pinctrl_dev_config__device_dts_ord_74
                0x0000000008005090        0x8 zephyr/drivers/serial/libdrivers__serial.a(uart_stm32.c.obj)
 .rodata.__pinctrl_states__device_dts_ord_74
                0x0000000008005098        0x8 zephyr/drivers/serial/libdrivers__serial.a(uart_stm32.c.obj)
 .rodata.__pinctrl_state_pins_0__device_dts_ord_74
                0x00000000080050a0       0x10 zephyr/drivers/serial/libdrivers__serial.a(uart_stm32.c.obj)
 .rodata.levels.0
                0x00000000080050b0       0x18 zephyr/kernel/libkernel.a(init.c.obj)
 .rodata.POW5_OFFSETS
                0x00000000080050c8       0x54 /home/simonas/zephyrproject/zephyr-sdk-0.16.3/arm-zephyr-eabi/bin/../lib/gcc/../../picolibc/arm-zephyr-eabi/lib/thumb/v7e-m/nofp/libc.a(libc_tinystdio_ryu_table.c.o)
 .rodata.POW5_INV_OFFSETS
                0x000000000800511c       0x54 /home/simonas/zephyrproject/zephyr-sdk-0.16.3/arm-zephyr-eabi/bin/../lib/gcc/../../picolibc/arm-zephyr-eabi/lib/thumb/v7e-m/nofp/libc.a(libc_tinystdio_ryu_table.c.o)
 .rodata.CSWTCH.84
                0x0000000008005170        0x6 zephyr/drivers/serial/libdrivers__serial.a(uart_stm32.c.obj)
 .rodata.main.str1.1
                0x0000000008005176       0x1b app/libapp.a(main.c.obj)
 .rodata.str1.1
                0x0000000008005191       0x3b zephyr/libzephyr.a(mem_attr.c.obj)
 .rodata.str1.1
                0x00000000080051cc        0xf zephyr/arch/arch/arm/core/mpu/libarch__arm__core__mpu.a(arm_mpu_regions.c.obj)
 .rodata.line_range_6.0
                0x00000000080051db        0x2 zephyr/drivers/interrupt_controller/libdrivers__interrupt_controller.a(intc_exti_stm32.c.obj)
 .rodata.line_range_5.1
                0x00000000080051dd        0x2 zephyr/drivers/interrupt_controller/libdrivers__interrupt_controller.a(intc_exti_stm32.c.obj)
 .rodata.line_range_4.2
                0x00000000080051df        0x2 zephyr/drivers/interrupt_controller/libdrivers__interrupt_controller.a(intc_exti_stm32.c.obj)
 .rodata.line_range_3.3
                0x00000000080051e1        0x2 zephyr/drivers/interrupt_controller/libdrivers__interrupt_controller.a(intc_exti_stm32.c.obj)
 .rodata.line_range_2.4
                0x00000000080051e3        0x2 zephyr/drivers/interrupt_controller/libdrivers__interrupt_controller.a(intc_exti_stm32.c.obj)
 .rodata.line_range_1.5
                0x00000000080051e5        0x2 zephyr/drivers/interrupt_controller/libdrivers__interrupt_controller.a(intc_exti_stm32.c.obj)
 .rodata.line_range_0.6
                0x00000000080051e7        0x2 zephyr/drivers/interrupt_controller/libdrivers__interrupt_controller.a(intc_exti_stm32.c.obj)
 .rodata.str1.1
                0x00000000080051e9       0x1e zephyr/drivers/interrupt_controller/libdrivers__interrupt_controller.a(intc_exti_stm32.c.obj)
 .rodata.str1.1
                0x0000000008005207        0xd zephyr/drivers/clock_control/libdrivers__clock_control.a(clock_stm32_ll_common.c.obj)
 .rodata.str1.1
                0x0000000008005214       0x9a zephyr/drivers/gpio/libdrivers__gpio.a(gpio_stm32.c.obj)
 .rodata.str1.1
                0x00000000080052ae       0x11 zephyr/drivers/reset/libdrivers__reset.a(reset_stm32.c.obj)
 .rodata.str1.1
                0x00000000080052bf       0x20 zephyr/drivers/serial/libdrivers__serial.a(uart_stm32.c.obj)
 .rodata.AHBPrescTable
                0x00000000080052df       0x10 modules/hal_stm32/stm32cube/lib..__modules__hal__stm32__stm32cube.a(system_stm32f7xx.c.obj)
                0x00000000080052df                AHBPrescTable
 .rodata.z_cstart.str1.1
                0x00000000080052ef        0x5 zephyr/kernel/libkernel.a(init.c.obj)
 .rodata.boot_banner.str1.1
                0x00000000080052f4       0x3b zephyr/kernel/libkernel.a(banner.c.obj)
 .rodata.vfprintf.str1.1
                0x000000000800532f        0xf /home/simonas/zephyrproject/zephyr-sdk-0.16.3/arm-zephyr-eabi/bin/../lib/gcc/../../picolibc/arm-zephyr-eabi/lib/thumb/v7e-m/nofp/libc.a(libc_tinystdio_vfprintf.c.o)
 *(SORT_BY_ALIGNMENT(.gnu.linkonce.r.*))
                0x0000000008005340                . = ALIGN (0x4)
 *fill*         0x000000000800533e        0x2 

/DISCARD/
 *(SORT_BY_ALIGNMENT(.eh_frame))
                0x0000000008005340                __rodata_region_end = .
                0x0000000008005340                . = ALIGN (_region_min_align)
                0x0000000008008000                . = ALIGN ((0x1 << LOG2CEIL ((__rodata_region_end - ADDR (rom_start)))))
                0x0000000008008000                __rom_region_end = ((__rom_region_start + .) - ADDR (rom_start))

/DISCARD/
 *(SORT_BY_ALIGNMENT(.got.plt))
 *(SORT_BY_ALIGNMENT(.igot.plt))
 *(SORT_BY_ALIGNMENT(.got))
 *(SORT_BY_ALIGNMENT(.igot))
                0x0000000020010000                . = 0x20010000
                0x0000000020010000                . = ALIGN (_region_min_align)
                0x0000000020010000                _image_ram_start = .

.ramfunc        0x0000000020010000        0x0 load address 0x0000000008005340
                0x0000000020010000                __ramfunc_region_start = .
                0x0000000020010000                . = ALIGN (_region_min_align)
                0x0000000020010000                . = ALIGN ((0x1 << LOG2CEIL (__ramfunc_size)))
                0x0000000020010000                __ramfunc_start = .
 *(SORT_BY_ALIGNMENT(.ramfunc))
 *(SORT_BY_ALIGNMENT(.ramfunc.*))
                0x0000000020010000                . = ALIGN (_region_min_align)
                0x0000000020010000                . = ALIGN ((0x1 << LOG2CEIL (__ramfunc_size)))
                0x0000000020010000                __ramfunc_end = .
                0x0000000000000000                __ramfunc_size = (__ramfunc_end - __ramfunc_start)
                0x0000000008005340                __ramfunc_load_start = LOADADDR (.ramfunc)

datas           0x0000000020010000       0x54 load address 0x0000000008005340
                0x0000000020010000                __data_region_start = .
                0x0000000020010000                __data_start = .
 *(SORT_BY_ALIGNMENT(.data))
 *(SORT_BY_ALIGNMENT(.data.*))
 .data._char_out
                0x0000000020010000        0x4 zephyr/libzephyr.a(printk.c.obj)
 .data.__stdout
                0x0000000020010004       0x10 zephyr/lib/libc/picolibc/liblib__libc__picolibc.a(stdio.c.obj)
 .data.uart_stm32_data_1
                0x0000000020010014        0x8 zephyr/drivers/serial/libdrivers__serial.a(uart_stm32.c.obj)
 .data.uart_cfg_1
                0x000000002001001c        0x8 zephyr/drivers/serial/libdrivers__serial.a(uart_stm32.c.obj)
 .data.uart_stm32_data_0
                0x0000000020010024        0x8 zephyr/drivers/serial/libdrivers__serial.a(uart_stm32.c.obj)
 .data.uart_cfg_0
                0x000000002001002c        0x8 zephyr/drivers/serial/libdrivers__serial.a(uart_stm32.c.obj)
 .data.SystemCoreClock
                0x0000000020010034        0x4 modules/hal_stm32/stm32cube/lib..__modules__hal__stm32__stm32cube.a(system_stm32f7xx.c.obj)
                0x0000000020010034                SystemCoreClock
 .data.slice_ticks
                0x0000000020010038        0x4 zephyr/kernel/libkernel.a(timeslicing.c.obj)
 .data.timeout_list
                0x000000002001003c        0x8 zephyr/kernel/libkernel.a(timeout.c.obj)
 .data.exti_irq_table
                0x0000000020010044       0x10 zephyr/drivers/interrupt_controller/libdrivers__interrupt_controller.a(intc_exti_stm32.c.obj)
 *(SORT_BY_ALIGNMENT(.kernel.*))
                0x0000000020010054                __data_end = .
                0x0000000000000054                __data_size = (__data_end - __data_start)
                0x0000000008005340                __data_load_start = LOADADDR (datas)
                0x0000000008005340                __data_region_load_start = LOADADDR (datas)

device_states   0x0000000020010054       0x20 load address 0x0000000008005394
                0x0000000020010054                . = ALIGN (0x4)
                0x0000000020010054                __device_states_start = .
 *(SORT_BY_ALIGNMENT(.z_devstate))
 .z_devstate    0x0000000020010054        0x2 zephyr/drivers/interrupt_controller/libdrivers__interrupt_controller.a(intc_exti_stm32.c.obj)
 .z_devstate    0x0000000020010056        0x2 zephyr/drivers/clock_control/libdrivers__clock_control.a(clock_stm32_ll_common.c.obj)
 .z_devstate    0x0000000020010058       0x16 zephyr/drivers/gpio/libdrivers__gpio.a(gpio_stm32.c.obj)
 .z_devstate    0x000000002001006e        0x2 zephyr/drivers/reset/libdrivers__reset.a(reset_stm32.c.obj)
 .z_devstate    0x0000000020010070        0x4 zephyr/drivers/serial/libdrivers__serial.a(uart_stm32.c.obj)
 *(SORT_BY_ALIGNMENT(.z_devstate.*))
                0x0000000020010074                __device_states_end = .
                0x0000000020010074                . = ALIGN (0x4)

log_mpsc_pbuf_area